Archive member included to satisfy reference by file (symbol)

c:/st/stm32cubeide_1.4.0/stm32cubeide/plugins/com.st.stm32cube.ide.mcu.externaltools.gnu-tools-for-stm32.7-2018-q2-update.win32_1.4.0.202007081208/tools/bin/../lib/gcc/arm-none-eabi/7.3.1/../../../../arm-none-eabi/lib/thumb/v7-m\libc_nano.a(lib_a-errno.o)
                              Src/syscalls.o (__errno)
c:/st/stm32cubeide_1.4.0/stm32cubeide/plugins/com.st.stm32cube.ide.mcu.externaltools.gnu-tools-for-stm32.7-2018-q2-update.win32_1.4.0.202007081208/tools/bin/../lib/gcc/arm-none-eabi/7.3.1/../../../../arm-none-eabi/lib/thumb/v7-m\libc_nano.a(lib_a-exit.o)
                              c:/st/stm32cubeide_1.4.0/stm32cubeide/plugins/com.st.stm32cube.ide.mcu.externaltools.gnu-tools-for-stm32.7-2018-q2-update.win32_1.4.0.202007081208/tools/bin/../lib/gcc/arm-none-eabi/7.3.1/../../../../arm-none-eabi/lib/thumb/v7-m/crt0.o (exit)
c:/st/stm32cubeide_1.4.0/stm32cubeide/plugins/com.st.stm32cube.ide.mcu.externaltools.gnu-tools-for-stm32.7-2018-q2-update.win32_1.4.0.202007081208/tools/bin/../lib/gcc/arm-none-eabi/7.3.1/../../../../arm-none-eabi/lib/thumb/v7-m\libc_nano.a(lib_a-impure.o)
                              c:/st/stm32cubeide_1.4.0/stm32cubeide/plugins/com.st.stm32cube.ide.mcu.externaltools.gnu-tools-for-stm32.7-2018-q2-update.win32_1.4.0.202007081208/tools/bin/../lib/gcc/arm-none-eabi/7.3.1/../../../../arm-none-eabi/lib/thumb/v7-m\libc_nano.a(lib_a-exit.o) (_global_impure_ptr)
c:/st/stm32cubeide_1.4.0/stm32cubeide/plugins/com.st.stm32cube.ide.mcu.externaltools.gnu-tools-for-stm32.7-2018-q2-update.win32_1.4.0.202007081208/tools/bin/../lib/gcc/arm-none-eabi/7.3.1/../../../../arm-none-eabi/lib/thumb/v7-m\libc_nano.a(lib_a-init.o)
                              c:/st/stm32cubeide_1.4.0/stm32cubeide/plugins/com.st.stm32cube.ide.mcu.externaltools.gnu-tools-for-stm32.7-2018-q2-update.win32_1.4.0.202007081208/tools/bin/../lib/gcc/arm-none-eabi/7.3.1/../../../../arm-none-eabi/lib/thumb/v7-m/crt0.o (__libc_init_array)
c:/st/stm32cubeide_1.4.0/stm32cubeide/plugins/com.st.stm32cube.ide.mcu.externaltools.gnu-tools-for-stm32.7-2018-q2-update.win32_1.4.0.202007081208/tools/bin/../lib/gcc/arm-none-eabi/7.3.1/../../../../arm-none-eabi/lib/thumb/v7-m\libc_nano.a(lib_a-memset.o)
                              c:/st/stm32cubeide_1.4.0/stm32cubeide/plugins/com.st.stm32cube.ide.mcu.externaltools.gnu-tools-for-stm32.7-2018-q2-update.win32_1.4.0.202007081208/tools/bin/../lib/gcc/arm-none-eabi/7.3.1/../../../../arm-none-eabi/lib/thumb/v7-m/crt0.o (memset)

Allocating common symbols
Common symbol       size              file

PinCfg              0x4               Src/main.o
GP_IRQ_Callback     0x3c              Stm32_F103C6_Drivers/Stm32_F103C6_EXTI_Driver.o

Discarded input sections

 .text          0x0000000000000000        0x0 c:/st/stm32cubeide_1.4.0/stm32cubeide/plugins/com.st.stm32cube.ide.mcu.externaltools.gnu-tools-for-stm32.7-2018-q2-update.win32_1.4.0.202007081208/tools/bin/../lib/gcc/arm-none-eabi/7.3.1/thumb/v7-m/crti.o
 .data          0x0000000000000000        0x0 c:/st/stm32cubeide_1.4.0/stm32cubeide/plugins/com.st.stm32cube.ide.mcu.externaltools.gnu-tools-for-stm32.7-2018-q2-update.win32_1.4.0.202007081208/tools/bin/../lib/gcc/arm-none-eabi/7.3.1/thumb/v7-m/crti.o
 .bss           0x0000000000000000        0x0 c:/st/stm32cubeide_1.4.0/stm32cubeide/plugins/com.st.stm32cube.ide.mcu.externaltools.gnu-tools-for-stm32.7-2018-q2-update.win32_1.4.0.202007081208/tools/bin/../lib/gcc/arm-none-eabi/7.3.1/thumb/v7-m/crti.o
 .data          0x0000000000000000        0x4 c:/st/stm32cubeide_1.4.0/stm32cubeide/plugins/com.st.stm32cube.ide.mcu.externaltools.gnu-tools-for-stm32.7-2018-q2-update.win32_1.4.0.202007081208/tools/bin/../lib/gcc/arm-none-eabi/7.3.1/thumb/v7-m/crtbegin.o
 .text          0x0000000000000000       0x74 c:/st/stm32cubeide_1.4.0/stm32cubeide/plugins/com.st.stm32cube.ide.mcu.externaltools.gnu-tools-for-stm32.7-2018-q2-update.win32_1.4.0.202007081208/tools/bin/../lib/gcc/arm-none-eabi/7.3.1/../../../../arm-none-eabi/lib/thumb/v7-m/crt0.o
 .data          0x0000000000000000        0x0 c:/st/stm32cubeide_1.4.0/stm32cubeide/plugins/com.st.stm32cube.ide.mcu.externaltools.gnu-tools-for-stm32.7-2018-q2-update.win32_1.4.0.202007081208/tools/bin/../lib/gcc/arm-none-eabi/7.3.1/../../../../arm-none-eabi/lib/thumb/v7-m/crt0.o
 .bss           0x0000000000000000        0x0 c:/st/stm32cubeide_1.4.0/stm32cubeide/plugins/com.st.stm32cube.ide.mcu.externaltools.gnu-tools-for-stm32.7-2018-q2-update.win32_1.4.0.202007081208/tools/bin/../lib/gcc/arm-none-eabi/7.3.1/../../../../arm-none-eabi/lib/thumb/v7-m/crt0.o
 .ARM.extab     0x0000000000000000        0x0 c:/st/stm32cubeide_1.4.0/stm32cubeide/plugins/com.st.stm32cube.ide.mcu.externaltools.gnu-tools-for-stm32.7-2018-q2-update.win32_1.4.0.202007081208/tools/bin/../lib/gcc/arm-none-eabi/7.3.1/../../../../arm-none-eabi/lib/thumb/v7-m/crt0.o
 .ARM.exidx     0x0000000000000000        0x8 c:/st/stm32cubeide_1.4.0/stm32cubeide/plugins/com.st.stm32cube.ide.mcu.externaltools.gnu-tools-for-stm32.7-2018-q2-update.win32_1.4.0.202007081208/tools/bin/../lib/gcc/arm-none-eabi/7.3.1/../../../../arm-none-eabi/lib/thumb/v7-m/crt0.o
 .ARM.attributes
                0x0000000000000000       0x1b c:/st/stm32cubeide_1.4.0/stm32cubeide/plugins/com.st.stm32cube.ide.mcu.externaltools.gnu-tools-for-stm32.7-2018-q2-update.win32_1.4.0.202007081208/tools/bin/../lib/gcc/arm-none-eabi/7.3.1/../../../../arm-none-eabi/lib/thumb/v7-m/crt0.o
 .group         0x0000000000000000        0xc Src/main.o
 .group         0x0000000000000000        0xc Src/main.o
 .group         0x0000000000000000        0xc Src/main.o
 .group         0x0000000000000000        0xc Src/main.o
 .group         0x0000000000000000        0xc Src/main.o
 .group         0x0000000000000000        0xc Src/main.o
 .group         0x0000000000000000        0xc Src/main.o
 .group         0x0000000000000000        0xc Src/main.o
 .group         0x0000000000000000        0xc Src/main.o
 .group         0x0000000000000000        0xc Src/main.o
 .group         0x0000000000000000        0xc Src/main.o
 .group         0x0000000000000000        0xc Src/main.o
 .group         0x0000000000000000        0xc Src/main.o
 .group         0x0000000000000000        0xc Src/main.o
 .group         0x0000000000000000        0xc Src/main.o
 .group         0x0000000000000000        0xc Src/main.o
 .group         0x0000000000000000        0xc Src/main.o
 .group         0x0000000000000000        0xc Src/main.o
 .group         0x0000000000000000        0xc Src/main.o
 .group         0x0000000000000000        0xc Src/main.o
 .group         0x0000000000000000        0xc Src/main.o
 .group         0x0000000000000000        0xc Src/main.o
 .group         0x0000000000000000        0xc Src/main.o
 .group         0x0000000000000000        0xc Src/main.o
 .group         0x0000000000000000        0xc Src/main.o
 .group         0x0000000000000000        0xc Src/main.o
 .group         0x0000000000000000        0xc Src/main.o
 .group         0x0000000000000000        0xc Src/main.o
 .text          0x0000000000000000        0x0 Src/main.o
 .data          0x0000000000000000        0x0 Src/main.o
 .bss           0x0000000000000000        0x0 Src/main.o
 .group         0x0000000000000000        0xc Src/syscalls.o
 .group         0x0000000000000000        0xc Src/syscalls.o
 .group         0x0000000000000000        0xc Src/syscalls.o
 .group         0x0000000000000000        0xc Src/syscalls.o
 .group         0x0000000000000000        0xc Src/syscalls.o
 .group         0x0000000000000000        0xc Src/syscalls.o
 .group         0x0000000000000000        0xc Src/syscalls.o
 .group         0x0000000000000000        0xc Src/syscalls.o
 .group         0x0000000000000000        0xc Src/syscalls.o
 .group         0x0000000000000000        0xc Src/syscalls.o
 .group         0x0000000000000000        0xc Src/syscalls.o
 .group         0x0000000000000000        0xc Src/syscalls.o
 .group         0x0000000000000000        0xc Src/syscalls.o
 .group         0x0000000000000000        0xc Src/syscalls.o
 .group         0x0000000000000000        0xc Src/syscalls.o
 .group         0x0000000000000000        0xc Src/syscalls.o
 .group         0x0000000000000000        0xc Src/syscalls.o
 .group         0x0000000000000000        0xc Src/syscalls.o
 .group         0x0000000000000000        0xc Src/syscalls.o
 .group         0x0000000000000000        0xc Src/syscalls.o
 .group         0x0000000000000000        0xc Src/syscalls.o
 .group         0x0000000000000000        0xc Src/syscalls.o
 .group         0x0000000000000000        0xc Src/syscalls.o
 .group         0x0000000000000000        0xc Src/syscalls.o
 .group         0x0000000000000000        0xc Src/syscalls.o
 .group         0x0000000000000000        0xc Src/syscalls.o
 .group         0x0000000000000000        0xc Src/syscalls.o
 .group         0x0000000000000000        0xc Src/syscalls.o
 .group         0x0000000000000000        0xc Src/syscalls.o
 .group         0x0000000000000000        0xc Src/syscalls.o
 .group         0x0000000000000000        0xc Src/syscalls.o
 .group         0x0000000000000000        0xc Src/syscalls.o
 .group         0x0000000000000000        0xc Src/syscalls.o
 .group         0x0000000000000000        0xc Src/syscalls.o
 .group         0x0000000000000000        0xc Src/syscalls.o
 .group         0x0000000000000000        0xc Src/syscalls.o
 .group         0x0000000000000000        0xc Src/syscalls.o
 .group         0x0000000000000000        0xc Src/syscalls.o
 .group         0x0000000000000000        0xc Src/syscalls.o
 .group         0x0000000000000000        0xc Src/syscalls.o
 .group         0x0000000000000000        0xc Src/syscalls.o
 .group         0x0000000000000000        0xc Src/syscalls.o
 .group         0x0000000000000000        0xc Src/syscalls.o
 .group         0x0000000000000000        0xc Src/syscalls.o
 .text          0x0000000000000000        0x0 Src/syscalls.o
 .data          0x0000000000000000        0x0 Src/syscalls.o
 .bss           0x0000000000000000        0x0 Src/syscalls.o
 .bss.__env     0x0000000000000000        0x4 Src/syscalls.o
 .data.environ  0x0000000000000000        0x4 Src/syscalls.o
 .text.initialise_monitor_handles
                0x0000000000000000        0xc Src/syscalls.o
 .text._getpid  0x0000000000000000        0xe Src/syscalls.o
 .text._kill    0x0000000000000000       0x20 Src/syscalls.o
 .text._exit    0x0000000000000000       0x14 Src/syscalls.o
 .text._read    0x0000000000000000       0x3a Src/syscalls.o
 .text._write   0x0000000000000000       0x38 Src/syscalls.o
 .text._close   0x0000000000000000       0x16 Src/syscalls.o
 .text._fstat   0x0000000000000000       0x1e Src/syscalls.o
 .text._isatty  0x0000000000000000       0x14 Src/syscalls.o
 .text._lseek   0x0000000000000000       0x18 Src/syscalls.o
 .text._open    0x0000000000000000       0x1a Src/syscalls.o
 .text._wait    0x0000000000000000       0x1e Src/syscalls.o
 .text._unlink  0x0000000000000000       0x1e Src/syscalls.o
 .text._times   0x0000000000000000       0x16 Src/syscalls.o
 .text._stat    0x0000000000000000       0x1e Src/syscalls.o
 .text._link    0x0000000000000000       0x20 Src/syscalls.o
 .text._fork    0x0000000000000000       0x16 Src/syscalls.o
 .text._execve  0x0000000000000000       0x22 Src/syscalls.o
 .debug_info    0x0000000000000000     0x1038 Src/syscalls.o
 .debug_abbrev  0x0000000000000000      0x254 Src/syscalls.o
 .debug_loc     0x0000000000000000      0x5b8 Src/syscalls.o
 .debug_aranges
                0x0000000000000000       0xa8 Src/syscalls.o
 .debug_ranges  0x0000000000000000       0x98 Src/syscalls.o
 .debug_macro   0x0000000000000000      0x243 Src/syscalls.o
 .debug_macro   0x0000000000000000      0xa60 Src/syscalls.o
 .debug_macro   0x0000000000000000       0x22 Src/syscalls.o
 .debug_macro   0x0000000000000000       0x40 Src/syscalls.o
 .debug_macro   0x0000000000000000       0x18 Src/syscalls.o
 .debug_macro   0x0000000000000000       0x94 Src/syscalls.o
 .debug_macro   0x0000000000000000       0x3c Src/syscalls.o
 .debug_macro   0x0000000000000000       0x34 Src/syscalls.o
 .debug_macro   0x0000000000000000       0x57 Src/syscalls.o
 .debug_macro   0x0000000000000000      0x174 Src/syscalls.o
 .debug_macro   0x0000000000000000      0x330 Src/syscalls.o
 .debug_macro   0x0000000000000000       0x52 Src/syscalls.o
 .debug_macro   0x0000000000000000       0x1f Src/syscalls.o
 .debug_macro   0x0000000000000000       0x43 Src/syscalls.o
 .debug_macro   0x0000000000000000       0x20 Src/syscalls.o
 .debug_macro   0x0000000000000000      0x1a3 Src/syscalls.o
 .debug_macro   0x0000000000000000       0x10 Src/syscalls.o
 .debug_macro   0x0000000000000000       0x35 Src/syscalls.o
 .debug_macro   0x0000000000000000       0x10 Src/syscalls.o
 .debug_macro   0x0000000000000000       0x10 Src/syscalls.o
 .debug_macro   0x0000000000000000       0x10 Src/syscalls.o
 .debug_macro   0x0000000000000000       0x6a Src/syscalls.o
 .debug_macro   0x0000000000000000       0x1c Src/syscalls.o
 .debug_macro   0x0000000000000000       0x52 Src/syscalls.o
 .debug_macro   0x0000000000000000       0x40 Src/syscalls.o
 .debug_macro   0x0000000000000000       0x10 Src/syscalls.o
 .debug_macro   0x0000000000000000       0x40 Src/syscalls.o
 .debug_macro   0x0000000000000000       0xd7 Src/syscalls.o
 .debug_macro   0x0000000000000000       0x1c Src/syscalls.o
 .debug_macro   0x0000000000000000       0x3d Src/syscalls.o
 .debug_macro   0x0000000000000000       0x35 Src/syscalls.o
 .debug_macro   0x0000000000000000      0x122 Src/syscalls.o
 .debug_macro   0x0000000000000000       0x16 Src/syscalls.o
 .debug_macro   0x0000000000000000       0x16 Src/syscalls.o
 .debug_macro   0x0000000000000000       0x29 Src/syscalls.o
 .debug_macro   0x0000000000000000       0x10 Src/syscalls.o
 .debug_macro   0x0000000000000000      0x241 Src/syscalls.o
 .debug_macro   0x0000000000000000       0x1c Src/syscalls.o
 .debug_macro   0x0000000000000000       0x10 Src/syscalls.o
 .debug_macro   0x0000000000000000       0x10 Src/syscalls.o
 .debug_macro   0x0000000000000000       0x16 Src/syscalls.o
 .debug_macro   0x0000000000000000      0x145 Src/syscalls.o
 .debug_macro   0x0000000000000000      0x189 Src/syscalls.o
 .debug_macro   0x0000000000000000       0x16 Src/syscalls.o
 .debug_macro   0x0000000000000000       0x88 Src/syscalls.o
 .debug_line    0x0000000000000000      0x739 Src/syscalls.o
 .debug_str     0x0000000000000000     0x886d Src/syscalls.o
 .comment       0x0000000000000000       0x7c Src/syscalls.o
 .debug_frame   0x0000000000000000      0x2ac Src/syscalls.o
 .ARM.attributes
                0x0000000000000000       0x33 Src/syscalls.o
 .group         0x0000000000000000        0xc Src/sysmem.o
 .group         0x0000000000000000        0xc Src/sysmem.o
 .group         0x0000000000000000        0xc Src/sysmem.o
 .group         0x0000000000000000        0xc Src/sysmem.o
 .group         0x0000000000000000        0xc Src/sysmem.o
 .group         0x0000000000000000        0xc Src/sysmem.o
 .group         0x0000000000000000        0xc Src/sysmem.o
 .group         0x0000000000000000        0xc Src/sysmem.o
 .group         0x0000000000000000        0xc Src/sysmem.o
 .group         0x0000000000000000        0xc Src/sysmem.o
 .group         0x0000000000000000        0xc Src/sysmem.o
 .group         0x0000000000000000        0xc Src/sysmem.o
 .group         0x0000000000000000        0xc Src/sysmem.o
 .group         0x0000000000000000        0xc Src/sysmem.o
 .group         0x0000000000000000        0xc Src/sysmem.o
 .group         0x0000000000000000        0xc Src/sysmem.o
 .group         0x0000000000000000        0xc Src/sysmem.o
 .group         0x0000000000000000        0xc Src/sysmem.o
 .group         0x0000000000000000        0xc Src/sysmem.o
 .text          0x0000000000000000        0x0 Src/sysmem.o
 .data          0x0000000000000000        0x0 Src/sysmem.o
 .bss           0x0000000000000000        0x0 Src/sysmem.o
 .bss.__sbrk_heap_end
                0x0000000000000000        0x4 Src/sysmem.o
 .text._sbrk    0x0000000000000000       0x6c Src/sysmem.o
 .debug_info    0x0000000000000000      0xa7c Src/sysmem.o
 .debug_abbrev  0x0000000000000000      0x18e Src/sysmem.o
 .debug_loc     0x0000000000000000       0x50 Src/sysmem.o
 .debug_aranges
                0x0000000000000000       0x20 Src/sysmem.o
 .debug_ranges  0x0000000000000000       0x10 Src/sysmem.o
 .debug_macro   0x0000000000000000       0xee Src/sysmem.o
 .debug_macro   0x0000000000000000      0xa60 Src/sysmem.o
 .debug_macro   0x0000000000000000       0x10 Src/sysmem.o
 .debug_macro   0x0000000000000000       0x22 Src/sysmem.o
 .debug_macro   0x0000000000000000       0x40 Src/sysmem.o
 .debug_macro   0x0000000000000000       0x18 Src/sysmem.o
 .debug_macro   0x0000000000000000       0x94 Src/sysmem.o
 .debug_macro   0x0000000000000000       0x3c Src/sysmem.o
 .debug_macro   0x0000000000000000       0x34 Src/sysmem.o
 .debug_macro   0x0000000000000000      0x174 Src/sysmem.o
 .debug_macro   0x0000000000000000       0x57 Src/sysmem.o
 .debug_macro   0x0000000000000000       0x52 Src/sysmem.o
 .debug_macro   0x0000000000000000       0x1f Src/sysmem.o
 .debug_macro   0x0000000000000000       0x43 Src/sysmem.o
 .debug_macro   0x0000000000000000       0x20 Src/sysmem.o
 .debug_macro   0x0000000000000000      0x1a3 Src/sysmem.o
 .debug_macro   0x0000000000000000      0x23b Src/sysmem.o
 .debug_macro   0x0000000000000000       0xef Src/sysmem.o
 .debug_macro   0x0000000000000000       0x6a Src/sysmem.o
 .debug_macro   0x0000000000000000      0x1df Src/sysmem.o
 .debug_line    0x0000000000000000      0x4c2 Src/sysmem.o
 .debug_str     0x0000000000000000     0x5f3b Src/sysmem.o
 .comment       0x0000000000000000       0x7c Src/sysmem.o
 .debug_frame   0x0000000000000000       0x34 Src/sysmem.o
 .ARM.attributes
                0x0000000000000000       0x33 Src/sysmem.o
 .text          0x0000000000000000       0x14 Startup/startup_stm32f103c6tx.o
 .data          0x0000000000000000        0x0 Startup/startup_stm32f103c6tx.o
 .bss           0x0000000000000000        0x0 Startup/startup_stm32f103c6tx.o
 .group         0x0000000000000000        0xc Stm32_F103C6_Drivers/KEYPAD_Driver/keypad.o
 .group         0x0000000000000000        0xc Stm32_F103C6_Drivers/KEYPAD_Driver/keypad.o
 .group         0x0000000000000000        0xc Stm32_F103C6_Drivers/KEYPAD_Driver/keypad.o
 .group         0x0000000000000000        0xc Stm32_F103C6_Drivers/KEYPAD_Driver/keypad.o
 .group         0x0000000000000000        0xc Stm32_F103C6_Drivers/KEYPAD_Driver/keypad.o
 .group         0x0000000000000000        0xc Stm32_F103C6_Drivers/KEYPAD_Driver/keypad.o
 .group         0x0000000000000000        0xc Stm32_F103C6_Drivers/KEYPAD_Driver/keypad.o
 .group         0x0000000000000000        0xc Stm32_F103C6_Drivers/KEYPAD_Driver/keypad.o
 .group         0x0000000000000000        0xc Stm32_F103C6_Drivers/KEYPAD_Driver/keypad.o
 .group         0x0000000000000000        0xc Stm32_F103C6_Drivers/KEYPAD_Driver/keypad.o
 .group         0x0000000000000000        0xc Stm32_F103C6_Drivers/KEYPAD_Driver/keypad.o
 .group         0x0000000000000000        0xc Stm32_F103C6_Drivers/KEYPAD_Driver/keypad.o
 .group         0x0000000000000000        0xc Stm32_F103C6_Drivers/KEYPAD_Driver/keypad.o
 .group         0x0000000000000000        0xc Stm32_F103C6_Drivers/KEYPAD_Driver/keypad.o
 .group         0x0000000000000000        0xc Stm32_F103C6_Drivers/KEYPAD_Driver/keypad.o
 .group         0x0000000000000000        0xc Stm32_F103C6_Drivers/KEYPAD_Driver/keypad.o
 .group         0x0000000000000000        0xc Stm32_F103C6_Drivers/KEYPAD_Driver/keypad.o
 .group         0x0000000000000000        0xc Stm32_F103C6_Drivers/KEYPAD_Driver/keypad.o
 .group         0x0000000000000000        0xc Stm32_F103C6_Drivers/KEYPAD_Driver/keypad.o
 .group         0x0000000000000000        0xc Stm32_F103C6_Drivers/KEYPAD_Driver/keypad.o
 .group         0x0000000000000000        0xc Stm32_F103C6_Drivers/KEYPAD_Driver/keypad.o
 .group         0x0000000000000000        0xc Stm32_F103C6_Drivers/KEYPAD_Driver/keypad.o
 .group         0x0000000000000000        0xc Stm32_F103C6_Drivers/KEYPAD_Driver/keypad.o
 .group         0x0000000000000000        0xc Stm32_F103C6_Drivers/KEYPAD_Driver/keypad.o
 .group         0x0000000000000000        0xc Stm32_F103C6_Drivers/KEYPAD_Driver/keypad.o
 .text          0x0000000000000000        0x0 Stm32_F103C6_Drivers/KEYPAD_Driver/keypad.o
 .data          0x0000000000000000        0x0 Stm32_F103C6_Drivers/KEYPAD_Driver/keypad.o
 .bss           0x0000000000000000        0x0 Stm32_F103C6_Drivers/KEYPAD_Driver/keypad.o
 .data.Key_padRow
                0x0000000000000000       0x10 Stm32_F103C6_Drivers/KEYPAD_Driver/keypad.o
 .data.Key_padCol
                0x0000000000000000       0x10 Stm32_F103C6_Drivers/KEYPAD_Driver/keypad.o
 .text.delay_mss
                0x0000000000000000       0x38 Stm32_F103C6_Drivers/KEYPAD_Driver/keypad.o
 .text.Keypad_init
                0x0000000000000000       0xcc Stm32_F103C6_Drivers/KEYPAD_Driver/keypad.o
 .text.Keypad_getkey
                0x0000000000000000      0x194 Stm32_F103C6_Drivers/KEYPAD_Driver/keypad.o
 .debug_info    0x0000000000000000      0xb48 Stm32_F103C6_Drivers/KEYPAD_Driver/keypad.o
 .debug_abbrev  0x0000000000000000      0x1de Stm32_F103C6_Drivers/KEYPAD_Driver/keypad.o
 .debug_loc     0x0000000000000000       0xfc Stm32_F103C6_Drivers/KEYPAD_Driver/keypad.o
 .debug_aranges
                0x0000000000000000       0x30 Stm32_F103C6_Drivers/KEYPAD_Driver/keypad.o
 .debug_ranges  0x0000000000000000       0x20 Stm32_F103C6_Drivers/KEYPAD_Driver/keypad.o
 .debug_macro   0x0000000000000000      0x152 Stm32_F103C6_Drivers/KEYPAD_Driver/keypad.o
 .debug_macro   0x0000000000000000      0xa60 Stm32_F103C6_Drivers/KEYPAD_Driver/keypad.o
 .debug_macro   0x0000000000000000       0x18 Stm32_F103C6_Drivers/KEYPAD_Driver/keypad.o
 .debug_macro   0x0000000000000000       0x22 Stm32_F103C6_Drivers/KEYPAD_Driver/keypad.o
 .debug_macro   0x0000000000000000       0x40 Stm32_F103C6_Drivers/KEYPAD_Driver/keypad.o
 .debug_macro   0x0000000000000000       0x94 Stm32_F103C6_Drivers/KEYPAD_Driver/keypad.o
 .debug_macro   0x0000000000000000       0x3c Stm32_F103C6_Drivers/KEYPAD_Driver/keypad.o
 .debug_macro   0x0000000000000000       0x34 Stm32_F103C6_Drivers/KEYPAD_Driver/keypad.o
 .debug_macro   0x0000000000000000       0x16 Stm32_F103C6_Drivers/KEYPAD_Driver/keypad.o
 .debug_macro   0x0000000000000000      0x10e Stm32_F103C6_Drivers/KEYPAD_Driver/keypad.o
 .debug_macro   0x0000000000000000       0x8d Stm32_F103C6_Drivers/KEYPAD_Driver/keypad.o
 .debug_macro   0x0000000000000000       0x57 Stm32_F103C6_Drivers/KEYPAD_Driver/keypad.o
 .debug_macro   0x0000000000000000       0x52 Stm32_F103C6_Drivers/KEYPAD_Driver/keypad.o
 .debug_macro   0x0000000000000000       0x1f Stm32_F103C6_Drivers/KEYPAD_Driver/keypad.o
 .debug_macro   0x0000000000000000       0x43 Stm32_F103C6_Drivers/KEYPAD_Driver/keypad.o
 .debug_macro   0x0000000000000000       0x20 Stm32_F103C6_Drivers/KEYPAD_Driver/keypad.o
 .debug_macro   0x0000000000000000      0x1a3 Stm32_F103C6_Drivers/KEYPAD_Driver/keypad.o
 .debug_macro   0x0000000000000000      0x330 Stm32_F103C6_Drivers/KEYPAD_Driver/keypad.o
 .debug_macro   0x0000000000000000       0x16 Stm32_F103C6_Drivers/KEYPAD_Driver/keypad.o
 .debug_macro   0x0000000000000000       0x29 Stm32_F103C6_Drivers/KEYPAD_Driver/keypad.o
 .debug_macro   0x0000000000000000       0xef Stm32_F103C6_Drivers/KEYPAD_Driver/keypad.o
 .debug_macro   0x0000000000000000       0x6a Stm32_F103C6_Drivers/KEYPAD_Driver/keypad.o
 .debug_macro   0x0000000000000000      0x1df Stm32_F103C6_Drivers/KEYPAD_Driver/keypad.o
 .debug_macro   0x0000000000000000      0x1b0 Stm32_F103C6_Drivers/KEYPAD_Driver/keypad.o
 .debug_macro   0x0000000000000000       0xd0 Stm32_F103C6_Drivers/KEYPAD_Driver/keypad.o
 .debug_macro   0x0000000000000000       0x3a Stm32_F103C6_Drivers/KEYPAD_Driver/keypad.o
 .debug_line    0x0000000000000000      0x623 Stm32_F103C6_Drivers/KEYPAD_Driver/keypad.o
 .debug_str     0x0000000000000000     0x7cbf Stm32_F103C6_Drivers/KEYPAD_Driver/keypad.o
 .comment       0x0000000000000000       0x7c Stm32_F103C6_Drivers/KEYPAD_Driver/keypad.o
 .debug_frame   0x0000000000000000       0x80 Stm32_F103C6_Drivers/KEYPAD_Driver/keypad.o
 .ARM.attributes
                0x0000000000000000       0x33 Stm32_F103C6_Drivers/KEYPAD_Driver/keypad.o
 .group         0x0000000000000000        0xc Stm32_F103C6_Drivers/LCD_Driver/lcd.o
 .group         0x0000000000000000        0xc Stm32_F103C6_Drivers/LCD_Driver/lcd.o
 .group         0x0000000000000000        0xc Stm32_F103C6_Drivers/LCD_Driver/lcd.o
 .group         0x0000000000000000        0xc Stm32_F103C6_Drivers/LCD_Driver/lcd.o
 .group         0x0000000000000000        0xc Stm32_F103C6_Drivers/LCD_Driver/lcd.o
 .group         0x0000000000000000        0xc Stm32_F103C6_Drivers/LCD_Driver/lcd.o
 .group         0x0000000000000000        0xc Stm32_F103C6_Drivers/LCD_Driver/lcd.o
 .group         0x0000000000000000        0xc Stm32_F103C6_Drivers/LCD_Driver/lcd.o
 .group         0x0000000000000000        0xc Stm32_F103C6_Drivers/LCD_Driver/lcd.o
 .group         0x0000000000000000        0xc Stm32_F103C6_Drivers/LCD_Driver/lcd.o
 .group         0x0000000000000000        0xc Stm32_F103C6_Drivers/LCD_Driver/lcd.o
 .group         0x0000000000000000        0xc Stm32_F103C6_Drivers/LCD_Driver/lcd.o
 .group         0x0000000000000000        0xc Stm32_F103C6_Drivers/LCD_Driver/lcd.o
 .group         0x0000000000000000        0xc Stm32_F103C6_Drivers/LCD_Driver/lcd.o
 .group         0x0000000000000000        0xc Stm32_F103C6_Drivers/LCD_Driver/lcd.o
 .group         0x0000000000000000        0xc Stm32_F103C6_Drivers/LCD_Driver/lcd.o
 .group         0x0000000000000000        0xc Stm32_F103C6_Drivers/LCD_Driver/lcd.o
 .group         0x0000000000000000        0xc Stm32_F103C6_Drivers/LCD_Driver/lcd.o
 .group         0x0000000000000000        0xc Stm32_F103C6_Drivers/LCD_Driver/lcd.o
 .group         0x0000000000000000        0xc Stm32_F103C6_Drivers/LCD_Driver/lcd.o
 .group         0x0000000000000000        0xc Stm32_F103C6_Drivers/LCD_Driver/lcd.o
 .group         0x0000000000000000        0xc Stm32_F103C6_Drivers/LCD_Driver/lcd.o
 .group         0x0000000000000000        0xc Stm32_F103C6_Drivers/LCD_Driver/lcd.o
 .group         0x0000000000000000        0xc Stm32_F103C6_Drivers/LCD_Driver/lcd.o
 .group         0x0000000000000000        0xc Stm32_F103C6_Drivers/LCD_Driver/lcd.o
 .group         0x0000000000000000        0xc Stm32_F103C6_Drivers/LCD_Driver/lcd.o
 .text          0x0000000000000000        0x0 Stm32_F103C6_Drivers/LCD_Driver/lcd.o
 .data          0x0000000000000000        0x0 Stm32_F103C6_Drivers/LCD_Driver/lcd.o
 .bss           0x0000000000000000        0x0 Stm32_F103C6_Drivers/LCD_Driver/lcd.o
 .text.LCD_check_lcd_isbusy
                0x0000000000000000       0xd8 Stm32_F103C6_Drivers/LCD_Driver/lcd.o
 .debug_macro   0x0000000000000000      0xa60 Stm32_F103C6_Drivers/LCD_Driver/lcd.o
 .debug_macro   0x0000000000000000       0x10 Stm32_F103C6_Drivers/LCD_Driver/lcd.o
 .debug_macro   0x0000000000000000       0x18 Stm32_F103C6_Drivers/LCD_Driver/lcd.o
 .debug_macro   0x0000000000000000       0x22 Stm32_F103C6_Drivers/LCD_Driver/lcd.o
 .debug_macro   0x0000000000000000       0x40 Stm32_F103C6_Drivers/LCD_Driver/lcd.o
 .debug_macro   0x0000000000000000       0x94 Stm32_F103C6_Drivers/LCD_Driver/lcd.o
 .debug_macro   0x0000000000000000       0x3c Stm32_F103C6_Drivers/LCD_Driver/lcd.o
 .debug_macro   0x0000000000000000       0x34 Stm32_F103C6_Drivers/LCD_Driver/lcd.o
 .debug_macro   0x0000000000000000       0x16 Stm32_F103C6_Drivers/LCD_Driver/lcd.o
 .debug_macro   0x0000000000000000      0x10e Stm32_F103C6_Drivers/LCD_Driver/lcd.o
 .debug_macro   0x0000000000000000       0x8d Stm32_F103C6_Drivers/LCD_Driver/lcd.o
 .debug_macro   0x0000000000000000       0x57 Stm32_F103C6_Drivers/LCD_Driver/lcd.o
 .debug_macro   0x0000000000000000       0x52 Stm32_F103C6_Drivers/LCD_Driver/lcd.o
 .debug_macro   0x0000000000000000       0x1f Stm32_F103C6_Drivers/LCD_Driver/lcd.o
 .debug_macro   0x0000000000000000       0x43 Stm32_F103C6_Drivers/LCD_Driver/lcd.o
 .debug_macro   0x0000000000000000       0x20 Stm32_F103C6_Drivers/LCD_Driver/lcd.o
 .debug_macro   0x0000000000000000      0x1a3 Stm32_F103C6_Drivers/LCD_Driver/lcd.o
 .debug_macro   0x0000000000000000      0x330 Stm32_F103C6_Drivers/LCD_Driver/lcd.o
 .debug_macro   0x0000000000000000       0x16 Stm32_F103C6_Drivers/LCD_Driver/lcd.o
 .debug_macro   0x0000000000000000       0x29 Stm32_F103C6_Drivers/LCD_Driver/lcd.o
 .debug_macro   0x0000000000000000       0xef Stm32_F103C6_Drivers/LCD_Driver/lcd.o
 .debug_macro   0x0000000000000000       0x6a Stm32_F103C6_Drivers/LCD_Driver/lcd.o
 .debug_macro   0x0000000000000000      0x1df Stm32_F103C6_Drivers/LCD_Driver/lcd.o
 .debug_macro   0x0000000000000000      0x1b0 Stm32_F103C6_Drivers/LCD_Driver/lcd.o
 .debug_macro   0x0000000000000000       0xd0 Stm32_F103C6_Drivers/LCD_Driver/lcd.o
 .debug_macro   0x0000000000000000       0x94 Stm32_F103C6_Drivers/LCD_Driver/lcd.o
 .group         0x0000000000000000        0xc Stm32_F103C6_Drivers/Stm32_F103C6_EXTI_Driver.o
 .group         0x0000000000000000        0xc Stm32_F103C6_Drivers/Stm32_F103C6_EXTI_Driver.o
 .group         0x0000000000000000        0xc Stm32_F103C6_Drivers/Stm32_F103C6_EXTI_Driver.o
 .group         0x0000000000000000        0xc Stm32_F103C6_Drivers/Stm32_F103C6_EXTI_Driver.o
 .group         0x0000000000000000        0xc Stm32_F103C6_Drivers/Stm32_F103C6_EXTI_Driver.o
 .group         0x0000000000000000        0xc Stm32_F103C6_Drivers/Stm32_F103C6_EXTI_Driver.o
 .group         0x0000000000000000        0xc Stm32_F103C6_Drivers/Stm32_F103C6_EXTI_Driver.o
 .group         0x0000000000000000        0xc Stm32_F103C6_Drivers/Stm32_F103C6_EXTI_Driver.o
 .group         0x0000000000000000        0xc Stm32_F103C6_Drivers/Stm32_F103C6_EXTI_Driver.o
 .group         0x0000000000000000        0xc Stm32_F103C6_Drivers/Stm32_F103C6_EXTI_Driver.o
 .group         0x0000000000000000        0xc Stm32_F103C6_Drivers/Stm32_F103C6_EXTI_Driver.o
 .group         0x0000000000000000        0xc Stm32_F103C6_Drivers/Stm32_F103C6_EXTI_Driver.o
 .group         0x0000000000000000        0xc Stm32_F103C6_Drivers/Stm32_F103C6_EXTI_Driver.o
 .group         0x0000000000000000        0xc Stm32_F103C6_Drivers/Stm32_F103C6_EXTI_Driver.o
 .group         0x0000000000000000        0xc Stm32_F103C6_Drivers/Stm32_F103C6_EXTI_Driver.o
 .group         0x0000000000000000        0xc Stm32_F103C6_Drivers/Stm32_F103C6_EXTI_Driver.o
 .group         0x0000000000000000        0xc Stm32_F103C6_Drivers/Stm32_F103C6_EXTI_Driver.o
 .group         0x0000000000000000        0xc Stm32_F103C6_Drivers/Stm32_F103C6_EXTI_Driver.o
 .group         0x0000000000000000        0xc Stm32_F103C6_Drivers/Stm32_F103C6_EXTI_Driver.o
 .group         0x0000000000000000        0xc Stm32_F103C6_Drivers/Stm32_F103C6_EXTI_Driver.o
 .group         0x0000000000000000        0xc Stm32_F103C6_Drivers/Stm32_F103C6_EXTI_Driver.o
 .group         0x0000000000000000        0xc Stm32_F103C6_Drivers/Stm32_F103C6_EXTI_Driver.o
 .group         0x0000000000000000        0xc Stm32_F103C6_Drivers/Stm32_F103C6_EXTI_Driver.o
 .group         0x0000000000000000        0xc Stm32_F103C6_Drivers/Stm32_F103C6_EXTI_Driver.o
 .group         0x0000000000000000        0xc Stm32_F103C6_Drivers/Stm32_F103C6_EXTI_Driver.o
 .text          0x0000000000000000        0x0 Stm32_F103C6_Drivers/Stm32_F103C6_EXTI_Driver.o
 .data          0x0000000000000000        0x0 Stm32_F103C6_Drivers/Stm32_F103C6_EXTI_Driver.o
 .bss           0x0000000000000000        0x0 Stm32_F103C6_Drivers/Stm32_F103C6_EXTI_Driver.o
 .text.MCAL_EXTI_GPIO_DeInit
                0x0000000000000000       0x94 Stm32_F103C6_Drivers/Stm32_F103C6_EXTI_Driver.o
 .text.MCAL_EXTI_GPIO_update
                0x0000000000000000       0x16 Stm32_F103C6_Drivers/Stm32_F103C6_EXTI_Driver.o
 .debug_macro   0x0000000000000000      0xa60 Stm32_F103C6_Drivers/Stm32_F103C6_EXTI_Driver.o
 .debug_macro   0x0000000000000000       0x18 Stm32_F103C6_Drivers/Stm32_F103C6_EXTI_Driver.o
 .debug_macro   0x0000000000000000       0x22 Stm32_F103C6_Drivers/Stm32_F103C6_EXTI_Driver.o
 .debug_macro   0x0000000000000000       0x40 Stm32_F103C6_Drivers/Stm32_F103C6_EXTI_Driver.o
 .debug_macro   0x0000000000000000       0x94 Stm32_F103C6_Drivers/Stm32_F103C6_EXTI_Driver.o
 .debug_macro   0x0000000000000000       0x3c Stm32_F103C6_Drivers/Stm32_F103C6_EXTI_Driver.o
 .debug_macro   0x0000000000000000       0x34 Stm32_F103C6_Drivers/Stm32_F103C6_EXTI_Driver.o
 .debug_macro   0x0000000000000000       0x16 Stm32_F103C6_Drivers/Stm32_F103C6_EXTI_Driver.o
 .debug_macro   0x0000000000000000      0x10e Stm32_F103C6_Drivers/Stm32_F103C6_EXTI_Driver.o
 .debug_macro   0x0000000000000000       0x8d Stm32_F103C6_Drivers/Stm32_F103C6_EXTI_Driver.o
 .debug_macro   0x0000000000000000       0x57 Stm32_F103C6_Drivers/Stm32_F103C6_EXTI_Driver.o
 .debug_macro   0x0000000000000000       0x52 Stm32_F103C6_Drivers/Stm32_F103C6_EXTI_Driver.o
 .debug_macro   0x0000000000000000       0x1f Stm32_F103C6_Drivers/Stm32_F103C6_EXTI_Driver.o
 .debug_macro   0x0000000000000000       0x43 Stm32_F103C6_Drivers/Stm32_F103C6_EXTI_Driver.o
 .debug_macro   0x0000000000000000       0x20 Stm32_F103C6_Drivers/Stm32_F103C6_EXTI_Driver.o
 .debug_macro   0x0000000000000000      0x1a3 Stm32_F103C6_Drivers/Stm32_F103C6_EXTI_Driver.o
 .debug_macro   0x0000000000000000      0x330 Stm32_F103C6_Drivers/Stm32_F103C6_EXTI_Driver.o
 .debug_macro   0x0000000000000000       0x16 Stm32_F103C6_Drivers/Stm32_F103C6_EXTI_Driver.o
 .debug_macro   0x0000000000000000       0x29 Stm32_F103C6_Drivers/Stm32_F103C6_EXTI_Driver.o
 .debug_macro   0x0000000000000000       0xef Stm32_F103C6_Drivers/Stm32_F103C6_EXTI_Driver.o
 .debug_macro   0x0000000000000000       0x6a Stm32_F103C6_Drivers/Stm32_F103C6_EXTI_Driver.o
 .debug_macro   0x0000000000000000      0x1df Stm32_F103C6_Drivers/Stm32_F103C6_EXTI_Driver.o
 .debug_macro   0x0000000000000000      0x1b0 Stm32_F103C6_Drivers/Stm32_F103C6_EXTI_Driver.o
 .debug_macro   0x0000000000000000      0x220 Stm32_F103C6_Drivers/Stm32_F103C6_EXTI_Driver.o
 .group         0x0000000000000000        0xc Stm32_F103C6_Drivers/Stm32_F103C6_GPIO_Driver.o
 .group         0x0000000000000000        0xc Stm32_F103C6_Drivers/Stm32_F103C6_GPIO_Driver.o
 .group         0x0000000000000000        0xc Stm32_F103C6_Drivers/Stm32_F103C6_GPIO_Driver.o
 .group         0x0000000000000000        0xc Stm32_F103C6_Drivers/Stm32_F103C6_GPIO_Driver.o
 .group         0x0000000000000000        0xc Stm32_F103C6_Drivers/Stm32_F103C6_GPIO_Driver.o
 .group         0x0000000000000000        0xc Stm32_F103C6_Drivers/Stm32_F103C6_GPIO_Driver.o
 .group         0x0000000000000000        0xc Stm32_F103C6_Drivers/Stm32_F103C6_GPIO_Driver.o
 .group         0x0000000000000000        0xc Stm32_F103C6_Drivers/Stm32_F103C6_GPIO_Driver.o
 .group         0x0000000000000000        0xc Stm32_F103C6_Drivers/Stm32_F103C6_GPIO_Driver.o
 .group         0x0000000000000000        0xc Stm32_F103C6_Drivers/Stm32_F103C6_GPIO_Driver.o
 .group         0x0000000000000000        0xc Stm32_F103C6_Drivers/Stm32_F103C6_GPIO_Driver.o
 .group         0x0000000000000000        0xc Stm32_F103C6_Drivers/Stm32_F103C6_GPIO_Driver.o
 .group         0x0000000000000000        0xc Stm32_F103C6_Drivers/Stm32_F103C6_GPIO_Driver.o
 .group         0x0000000000000000        0xc Stm32_F103C6_Drivers/Stm32_F103C6_GPIO_Driver.o
 .group         0x0000000000000000        0xc Stm32_F103C6_Drivers/Stm32_F103C6_GPIO_Driver.o
 .group         0x0000000000000000        0xc Stm32_F103C6_Drivers/Stm32_F103C6_GPIO_Driver.o
 .group         0x0000000000000000        0xc Stm32_F103C6_Drivers/Stm32_F103C6_GPIO_Driver.o
 .group         0x0000000000000000        0xc Stm32_F103C6_Drivers/Stm32_F103C6_GPIO_Driver.o
 .group         0x0000000000000000        0xc Stm32_F103C6_Drivers/Stm32_F103C6_GPIO_Driver.o
 .group         0x0000000000000000        0xc Stm32_F103C6_Drivers/Stm32_F103C6_GPIO_Driver.o
 .group         0x0000000000000000        0xc Stm32_F103C6_Drivers/Stm32_F103C6_GPIO_Driver.o
 .group         0x0000000000000000        0xc Stm32_F103C6_Drivers/Stm32_F103C6_GPIO_Driver.o
 .group         0x0000000000000000        0xc Stm32_F103C6_Drivers/Stm32_F103C6_GPIO_Driver.o
 .group         0x0000000000000000        0xc Stm32_F103C6_Drivers/Stm32_F103C6_GPIO_Driver.o
 .text          0x0000000000000000        0x0 Stm32_F103C6_Drivers/Stm32_F103C6_GPIO_Driver.o
 .data          0x0000000000000000        0x0 Stm32_F103C6_Drivers/Stm32_F103C6_GPIO_Driver.o
 .bss           0x0000000000000000        0x0 Stm32_F103C6_Drivers/Stm32_F103C6_GPIO_Driver.o
 .text.MCAL_GPIO_DeInit
                0x0000000000000000       0xd4 Stm32_F103C6_Drivers/Stm32_F103C6_GPIO_Driver.o
 .text.MCAL_GPIO_ReadPin
                0x0000000000000000       0x2e Stm32_F103C6_Drivers/Stm32_F103C6_GPIO_Driver.o
 .text.MCAL_GPIO_ReadPort
                0x0000000000000000       0x1a Stm32_F103C6_Drivers/Stm32_F103C6_GPIO_Driver.o
 .text.MCAL_GPIO_togglePin
                0x0000000000000000       0x22 Stm32_F103C6_Drivers/Stm32_F103C6_GPIO_Driver.o
 .text.MCAL_GPIO_LockPin
                0x0000000000000000       0x4e Stm32_F103C6_Drivers/Stm32_F103C6_GPIO_Driver.o
 .debug_macro   0x0000000000000000      0xa60 Stm32_F103C6_Drivers/Stm32_F103C6_GPIO_Driver.o
 .debug_macro   0x0000000000000000       0x18 Stm32_F103C6_Drivers/Stm32_F103C6_GPIO_Driver.o
 .debug_macro   0x0000000000000000       0x22 Stm32_F103C6_Drivers/Stm32_F103C6_GPIO_Driver.o
 .debug_macro   0x0000000000000000       0x40 Stm32_F103C6_Drivers/Stm32_F103C6_GPIO_Driver.o
 .debug_macro   0x0000000000000000       0x94 Stm32_F103C6_Drivers/Stm32_F103C6_GPIO_Driver.o
 .debug_macro   0x0000000000000000       0x3c Stm32_F103C6_Drivers/Stm32_F103C6_GPIO_Driver.o
 .debug_macro   0x0000000000000000       0x34 Stm32_F103C6_Drivers/Stm32_F103C6_GPIO_Driver.o
 .debug_macro   0x0000000000000000       0x16 Stm32_F103C6_Drivers/Stm32_F103C6_GPIO_Driver.o
 .debug_macro   0x0000000000000000      0x10e Stm32_F103C6_Drivers/Stm32_F103C6_GPIO_Driver.o
 .debug_macro   0x0000000000000000       0x8d Stm32_F103C6_Drivers/Stm32_F103C6_GPIO_Driver.o
 .debug_macro   0x0000000000000000       0x57 Stm32_F103C6_Drivers/Stm32_F103C6_GPIO_Driver.o
 .debug_macro   0x0000000000000000       0x52 Stm32_F103C6_Drivers/Stm32_F103C6_GPIO_Driver.o
 .debug_macro   0x0000000000000000       0x1f Stm32_F103C6_Drivers/Stm32_F103C6_GPIO_Driver.o
 .debug_macro   0x0000000000000000       0x43 Stm32_F103C6_Drivers/Stm32_F103C6_GPIO_Driver.o
 .debug_macro   0x0000000000000000       0x20 Stm32_F103C6_Drivers/Stm32_F103C6_GPIO_Driver.o
 .debug_macro   0x0000000000000000      0x1a3 Stm32_F103C6_Drivers/Stm32_F103C6_GPIO_Driver.o
 .debug_macro   0x0000000000000000      0x330 Stm32_F103C6_Drivers/Stm32_F103C6_GPIO_Driver.o
 .debug_macro   0x0000000000000000       0x16 Stm32_F103C6_Drivers/Stm32_F103C6_GPIO_Driver.o
 .debug_macro   0x0000000000000000       0x29 Stm32_F103C6_Drivers/Stm32_F103C6_GPIO_Driver.o
 .debug_macro   0x0000000000000000       0xef Stm32_F103C6_Drivers/Stm32_F103C6_GPIO_Driver.o
 .debug_macro   0x0000000000000000       0x6a Stm32_F103C6_Drivers/Stm32_F103C6_GPIO_Driver.o
 .debug_macro   0x0000000000000000      0x1df Stm32_F103C6_Drivers/Stm32_F103C6_GPIO_Driver.o
 .debug_macro   0x0000000000000000      0x1b0 Stm32_F103C6_Drivers/Stm32_F103C6_GPIO_Driver.o
 .debug_macro   0x0000000000000000       0xd0 Stm32_F103C6_Drivers/Stm32_F103C6_GPIO_Driver.o
 .text          0x0000000000000000        0x0 c:/st/stm32cubeide_1.4.0/stm32cubeide/plugins/com.st.stm32cube.ide.mcu.externaltools.gnu-tools-for-stm32.7-2018-q2-update.win32_1.4.0.202007081208/tools/bin/../lib/gcc/arm-none-eabi/7.3.1/../../../../arm-none-eabi/lib/thumb/v7-m\libc_nano.a(lib_a-errno.o)
 .data          0x0000000000000000        0x0 c:/st/stm32cubeide_1.4.0/stm32cubeide/plugins/com.st.stm32cube.ide.mcu.externaltools.gnu-tools-for-stm32.7-2018-q2-update.win32_1.4.0.202007081208/tools/bin/../lib/gcc/arm-none-eabi/7.3.1/../../../../arm-none-eabi/lib/thumb/v7-m\libc_nano.a(lib_a-errno.o)
 .bss           0x0000000000000000        0x0 c:/st/stm32cubeide_1.4.0/stm32cubeide/plugins/com.st.stm32cube.ide.mcu.externaltools.gnu-tools-for-stm32.7-2018-q2-update.win32_1.4.0.202007081208/tools/bin/../lib/gcc/arm-none-eabi/7.3.1/../../../../arm-none-eabi/lib/thumb/v7-m\libc_nano.a(lib_a-errno.o)
 .text.__errno  0x0000000000000000        0xc c:/st/stm32cubeide_1.4.0/stm32cubeide/plugins/com.st.stm32cube.ide.mcu.externaltools.gnu-tools-for-stm32.7-2018-q2-update.win32_1.4.0.202007081208/tools/bin/../lib/gcc/arm-none-eabi/7.3.1/../../../../arm-none-eabi/lib/thumb/v7-m\libc_nano.a(lib_a-errno.o)
 .debug_frame   0x0000000000000000       0x20 c:/st/stm32cubeide_1.4.0/stm32cubeide/plugins/com.st.stm32cube.ide.mcu.externaltools.gnu-tools-for-stm32.7-2018-q2-update.win32_1.4.0.202007081208/tools/bin/../lib/gcc/arm-none-eabi/7.3.1/../../../../arm-none-eabi/lib/thumb/v7-m\libc_nano.a(lib_a-errno.o)
 .ARM.attributes
                0x0000000000000000       0x2d c:/st/stm32cubeide_1.4.0/stm32cubeide/plugins/com.st.stm32cube.ide.mcu.externaltools.gnu-tools-for-stm32.7-2018-q2-update.win32_1.4.0.202007081208/tools/bin/../lib/gcc/arm-none-eabi/7.3.1/../../../../arm-none-eabi/lib/thumb/v7-m\libc_nano.a(lib_a-errno.o)
 .text          0x0000000000000000        0x0 c:/st/stm32cubeide_1.4.0/stm32cubeide/plugins/com.st.stm32cube.ide.mcu.externaltools.gnu-tools-for-stm32.7-2018-q2-update.win32_1.4.0.202007081208/tools/bin/../lib/gcc/arm-none-eabi/7.3.1/../../../../arm-none-eabi/lib/thumb/v7-m\libc_nano.a(lib_a-exit.o)
 .data          0x0000000000000000        0x0 c:/st/stm32cubeide_1.4.0/stm32cubeide/plugins/com.st.stm32cube.ide.mcu.externaltools.gnu-tools-for-stm32.7-2018-q2-update.win32_1.4.0.202007081208/tools/bin/../lib/gcc/arm-none-eabi/7.3.1/../../../../arm-none-eabi/lib/thumb/v7-m\libc_nano.a(lib_a-exit.o)
 .bss           0x0000000000000000        0x0 c:/st/stm32cubeide_1.4.0/stm32cubeide/plugins/com.st.stm32cube.ide.mcu.externaltools.gnu-tools-for-stm32.7-2018-q2-update.win32_1.4.0.202007081208/tools/bin/../lib/gcc/arm-none-eabi/7.3.1/../../../../arm-none-eabi/lib/thumb/v7-m\libc_nano.a(lib_a-exit.o)
 .text.exit     0x0000000000000000       0x28 c:/st/stm32cubeide_1.4.0/stm32cubeide/plugins/com.st.stm32cube.ide.mcu.externaltools.gnu-tools-for-stm32.7-2018-q2-update.win32_1.4.0.202007081208/tools/bin/../lib/gcc/arm-none-eabi/7.3.1/../../../../arm-none-eabi/lib/thumb/v7-m\libc_nano.a(lib_a-exit.o)
 .debug_frame   0x0000000000000000       0x28 c:/st/stm32cubeide_1.4.0/stm32cubeide/plugins/com.st.stm32cube.ide.mcu.externaltools.gnu-tools-for-stm32.7-2018-q2-update.win32_1.4.0.202007081208/tools/bin/../lib/gcc/arm-none-eabi/7.3.1/../../../../arm-none-eabi/lib/thumb/v7-m\libc_nano.a(lib_a-exit.o)
 .ARM.attributes
                0x0000000000000000       0x2d c:/st/stm32cubeide_1.4.0/stm32cubeide/plugins/com.st.stm32cube.ide.mcu.externaltools.gnu-tools-for-stm32.7-2018-q2-update.win32_1.4.0.202007081208/tools/bin/../lib/gcc/arm-none-eabi/7.3.1/../../../../arm-none-eabi/lib/thumb/v7-m\libc_nano.a(lib_a-exit.o)
 .text          0x0000000000000000        0x0 c:/st/stm32cubeide_1.4.0/stm32cubeide/plugins/com.st.stm32cube.ide.mcu.externaltools.gnu-tools-for-stm32.7-2018-q2-update.win32_1.4.0.202007081208/tools/bin/../lib/gcc/arm-none-eabi/7.3.1/../../../../arm-none-eabi/lib/thumb/v7-m\libc_nano.a(lib_a-impure.o)
 .data          0x0000000000000000        0x0 c:/st/stm32cubeide_1.4.0/stm32cubeide/plugins/com.st.stm32cube.ide.mcu.externaltools.gnu-tools-for-stm32.7-2018-q2-update.win32_1.4.0.202007081208/tools/bin/../lib/gcc/arm-none-eabi/7.3.1/../../../../arm-none-eabi/lib/thumb/v7-m\libc_nano.a(lib_a-impure.o)
 .bss           0x0000000000000000        0x0 c:/st/stm32cubeide_1.4.0/stm32cubeide/plugins/com.st.stm32cube.ide.mcu.externaltools.gnu-tools-for-stm32.7-2018-q2-update.win32_1.4.0.202007081208/tools/bin/../lib/gcc/arm-none-eabi/7.3.1/../../../../arm-none-eabi/lib/thumb/v7-m\libc_nano.a(lib_a-impure.o)
 .data._impure_ptr
                0x0000000000000000        0x4 c:/st/stm32cubeide_1.4.0/stm32cubeide/plugins/com.st.stm32cube.ide.mcu.externaltools.gnu-tools-for-stm32.7-2018-q2-update.win32_1.4.0.202007081208/tools/bin/../lib/gcc/arm-none-eabi/7.3.1/../../../../arm-none-eabi/lib/thumb/v7-m\libc_nano.a(lib_a-impure.o)
 .data.impure_data
                0x0000000000000000       0x60 c:/st/stm32cubeide_1.4.0/stm32cubeide/plugins/com.st.stm32cube.ide.mcu.externaltools.gnu-tools-for-stm32.7-2018-q2-update.win32_1.4.0.202007081208/tools/bin/../lib/gcc/arm-none-eabi/7.3.1/../../../../arm-none-eabi/lib/thumb/v7-m\libc_nano.a(lib_a-impure.o)
 .rodata._global_impure_ptr
                0x0000000000000000        0x4 c:/st/stm32cubeide_1.4.0/stm32cubeide/plugins/com.st.stm32cube.ide.mcu.externaltools.gnu-tools-for-stm32.7-2018-q2-update.win32_1.4.0.202007081208/tools/bin/../lib/gcc/arm-none-eabi/7.3.1/../../../../arm-none-eabi/lib/thumb/v7-m\libc_nano.a(lib_a-impure.o)
 .ARM.attributes
                0x0000000000000000       0x2d c:/st/stm32cubeide_1.4.0/stm32cubeide/plugins/com.st.stm32cube.ide.mcu.externaltools.gnu-tools-for-stm32.7-2018-q2-update.win32_1.4.0.202007081208/tools/bin/../lib/gcc/arm-none-eabi/7.3.1/../../../../arm-none-eabi/lib/thumb/v7-m\libc_nano.a(lib_a-impure.o)
 .text          0x0000000000000000        0x0 c:/st/stm32cubeide_1.4.0/stm32cubeide/plugins/com.st.stm32cube.ide.mcu.externaltools.gnu-tools-for-stm32.7-2018-q2-update.win32_1.4.0.202007081208/tools/bin/../lib/gcc/arm-none-eabi/7.3.1/../../../../arm-none-eabi/lib/thumb/v7-m\libc_nano.a(lib_a-init.o)
 .data          0x0000000000000000        0x0 c:/st/stm32cubeide_1.4.0/stm32cubeide/plugins/com.st.stm32cube.ide.mcu.externaltools.gnu-tools-for-stm32.7-2018-q2-update.win32_1.4.0.202007081208/tools/bin/../lib/gcc/arm-none-eabi/7.3.1/../../../../arm-none-eabi/lib/thumb/v7-m\libc_nano.a(lib_a-init.o)
 .bss           0x0000000000000000        0x0 c:/st/stm32cubeide_1.4.0/stm32cubeide/plugins/com.st.stm32cube.ide.mcu.externaltools.gnu-tools-for-stm32.7-2018-q2-update.win32_1.4.0.202007081208/tools/bin/../lib/gcc/arm-none-eabi/7.3.1/../../../../arm-none-eabi/lib/thumb/v7-m\libc_nano.a(lib_a-init.o)
 .text          0x0000000000000000        0x0 c:/st/stm32cubeide_1.4.0/stm32cubeide/plugins/com.st.stm32cube.ide.mcu.externaltools.gnu-tools-for-stm32.7-2018-q2-update.win32_1.4.0.202007081208/tools/bin/../lib/gcc/arm-none-eabi/7.3.1/../../../../arm-none-eabi/lib/thumb/v7-m\libc_nano.a(lib_a-memset.o)
 .data          0x0000000000000000        0x0 c:/st/stm32cubeide_1.4.0/stm32cubeide/plugins/com.st.stm32cube.ide.mcu.externaltools.gnu-tools-for-stm32.7-2018-q2-update.win32_1.4.0.202007081208/tools/bin/../lib/gcc/arm-none-eabi/7.3.1/../../../../arm-none-eabi/lib/thumb/v7-m\libc_nano.a(lib_a-memset.o)
 .bss           0x0000000000000000        0x0 c:/st/stm32cubeide_1.4.0/stm32cubeide/plugins/com.st.stm32cube.ide.mcu.externaltools.gnu-tools-for-stm32.7-2018-q2-update.win32_1.4.0.202007081208/tools/bin/../lib/gcc/arm-none-eabi/7.3.1/../../../../arm-none-eabi/lib/thumb/v7-m\libc_nano.a(lib_a-memset.o)
 .text.memset   0x0000000000000000       0x10 c:/st/stm32cubeide_1.4.0/stm32cubeide/plugins/com.st.stm32cube.ide.mcu.externaltools.gnu-tools-for-stm32.7-2018-q2-update.win32_1.4.0.202007081208/tools/bin/../lib/gcc/arm-none-eabi/7.3.1/../../../../arm-none-eabi/lib/thumb/v7-m\libc_nano.a(lib_a-memset.o)
 .debug_frame   0x0000000000000000       0x20 c:/st/stm32cubeide_1.4.0/stm32cubeide/plugins/com.st.stm32cube.ide.mcu.externaltools.gnu-tools-for-stm32.7-2018-q2-update.win32_1.4.0.202007081208/tools/bin/../lib/gcc/arm-none-eabi/7.3.1/../../../../arm-none-eabi/lib/thumb/v7-m\libc_nano.a(lib_a-memset.o)
 .ARM.attributes
                0x0000000000000000       0x2d c:/st/stm32cubeide_1.4.0/stm32cubeide/plugins/com.st.stm32cube.ide.mcu.externaltools.gnu-tools-for-stm32.7-2018-q2-update.win32_1.4.0.202007081208/tools/bin/../lib/gcc/arm-none-eabi/7.3.1/../../../../arm-none-eabi/lib/thumb/v7-m\libc_nano.a(lib_a-memset.o)
 .text          0x0000000000000000        0x0 c:/st/stm32cubeide_1.4.0/stm32cubeide/plugins/com.st.stm32cube.ide.mcu.externaltools.gnu-tools-for-stm32.7-2018-q2-update.win32_1.4.0.202007081208/tools/bin/../lib/gcc/arm-none-eabi/7.3.1/thumb/v7-m/crtend.o
 .data          0x0000000000000000        0x0 c:/st/stm32cubeide_1.4.0/stm32cubeide/plugins/com.st.stm32cube.ide.mcu.externaltools.gnu-tools-for-stm32.7-2018-q2-update.win32_1.4.0.202007081208/tools/bin/../lib/gcc/arm-none-eabi/7.3.1/thumb/v7-m/crtend.o
 .bss           0x0000000000000000        0x0 c:/st/stm32cubeide_1.4.0/stm32cubeide/plugins/com.st.stm32cube.ide.mcu.externaltools.gnu-tools-for-stm32.7-2018-q2-update.win32_1.4.0.202007081208/tools/bin/../lib/gcc/arm-none-eabi/7.3.1/thumb/v7-m/crtend.o
 .eh_frame      0x0000000000000000        0x4 c:/st/stm32cubeide_1.4.0/stm32cubeide/plugins/com.st.stm32cube.ide.mcu.externaltools.gnu-tools-for-stm32.7-2018-q2-update.win32_1.4.0.202007081208/tools/bin/../lib/gcc/arm-none-eabi/7.3.1/thumb/v7-m/crtend.o
 .ARM.attributes
                0x0000000000000000       0x2d c:/st/stm32cubeide_1.4.0/stm32cubeide/plugins/com.st.stm32cube.ide.mcu.externaltools.gnu-tools-for-stm32.7-2018-q2-update.win32_1.4.0.202007081208/tools/bin/../lib/gcc/arm-none-eabi/7.3.1/thumb/v7-m/crtend.o
 .text          0x0000000000000000        0x0 c:/st/stm32cubeide_1.4.0/stm32cubeide/plugins/com.st.stm32cube.ide.mcu.externaltools.gnu-tools-for-stm32.7-2018-q2-update.win32_1.4.0.202007081208/tools/bin/../lib/gcc/arm-none-eabi/7.3.1/thumb/v7-m/crtn.o
 .data          0x0000000000000000        0x0 c:/st/stm32cubeide_1.4.0/stm32cubeide/plugins/com.st.stm32cube.ide.mcu.externaltools.gnu-tools-for-stm32.7-2018-q2-update.win32_1.4.0.202007081208/tools/bin/../lib/gcc/arm-none-eabi/7.3.1/thumb/v7-m/crtn.o
 .bss           0x0000000000000000        0x0 c:/st/stm32cubeide_1.4.0/stm32cubeide/plugins/com.st.stm32cube.ide.mcu.externaltools.gnu-tools-for-stm32.7-2018-q2-update.win32_1.4.0.202007081208/tools/bin/../lib/gcc/arm-none-eabi/7.3.1/thumb/v7-m/crtn.o

Memory Configuration

Name             Origin             Length             Attributes
RAM              0x0000000020000000 0x0000000000002800 xrw
ROM              0x0000000008000000 0x0000000000008000 xr
*default*        0x0000000000000000 0xffffffffffffffff

Linker script and memory map

LOAD c:/st/stm32cubeide_1.4.0/stm32cubeide/plugins/com.st.stm32cube.ide.mcu.externaltools.gnu-tools-for-stm32.7-2018-q2-update.win32_1.4.0.202007081208/tools/bin/../lib/gcc/arm-none-eabi/7.3.1/thumb/v7-m/crti.o
LOAD c:/st/stm32cubeide_1.4.0/stm32cubeide/plugins/com.st.stm32cube.ide.mcu.externaltools.gnu-tools-for-stm32.7-2018-q2-update.win32_1.4.0.202007081208/tools/bin/../lib/gcc/arm-none-eabi/7.3.1/thumb/v7-m/crtbegin.o
LOAD c:/st/stm32cubeide_1.4.0/stm32cubeide/plugins/com.st.stm32cube.ide.mcu.externaltools.gnu-tools-for-stm32.7-2018-q2-update.win32_1.4.0.202007081208/tools/bin/../lib/gcc/arm-none-eabi/7.3.1/../../../../arm-none-eabi/lib/thumb/v7-m/crt0.o
LOAD Src/main.o
LOAD Src/syscalls.o
LOAD Src/sysmem.o
LOAD Startup/startup_stm32f103c6tx.o
LOAD Stm32_F103C6_Drivers/KEYPAD_Driver/keypad.o
LOAD Stm32_F103C6_Drivers/LCD_Driver/lcd.o
LOAD Stm32_F103C6_Drivers/Stm32_F103C6_EXTI_Driver.o
LOAD Stm32_F103C6_Drivers/Stm32_F103C6_GPIO_Driver.o
START GROUP
LOAD c:/st/stm32cubeide_1.4.0/stm32cubeide/plugins/com.st.stm32cube.ide.mcu.externaltools.gnu-tools-for-stm32.7-2018-q2-update.win32_1.4.0.202007081208/tools/bin/../lib/gcc/arm-none-eabi/7.3.1/../../../../arm-none-eabi/lib/thumb/v7-m\libc_nano.a
LOAD c:/st/stm32cubeide_1.4.0/stm32cubeide/plugins/com.st.stm32cube.ide.mcu.externaltools.gnu-tools-for-stm32.7-2018-q2-update.win32_1.4.0.202007081208/tools/bin/../lib/gcc/arm-none-eabi/7.3.1/../../../../arm-none-eabi/lib/thumb/v7-m\libm.a
END GROUP
START GROUP
LOAD c:/st/stm32cubeide_1.4.0/stm32cubeide/plugins/com.st.stm32cube.ide.mcu.externaltools.gnu-tools-for-stm32.7-2018-q2-update.win32_1.4.0.202007081208/tools/bin/../lib/gcc/arm-none-eabi/7.3.1/thumb/v7-m\libgcc.a
LOAD c:/st/stm32cubeide_1.4.0/stm32cubeide/plugins/com.st.stm32cube.ide.mcu.externaltools.gnu-tools-for-stm32.7-2018-q2-update.win32_1.4.0.202007081208/tools/bin/../lib/gcc/arm-none-eabi/7.3.1/../../../../arm-none-eabi/lib/thumb/v7-m\libg_nano.a
LOAD c:/st/stm32cubeide_1.4.0/stm32cubeide/plugins/com.st.stm32cube.ide.mcu.externaltools.gnu-tools-for-stm32.7-2018-q2-update.win32_1.4.0.202007081208/tools/bin/../lib/gcc/arm-none-eabi/7.3.1/../../../../arm-none-eabi/lib/thumb/v7-m\libc_nano.a
END GROUP
START GROUP
LOAD c:/st/stm32cubeide_1.4.0/stm32cubeide/plugins/com.st.stm32cube.ide.mcu.externaltools.gnu-tools-for-stm32.7-2018-q2-update.win32_1.4.0.202007081208/tools/bin/../lib/gcc/arm-none-eabi/7.3.1/thumb/v7-m\libgcc.a
LOAD c:/st/stm32cubeide_1.4.0/stm32cubeide/plugins/com.st.stm32cube.ide.mcu.externaltools.gnu-tools-for-stm32.7-2018-q2-update.win32_1.4.0.202007081208/tools/bin/../lib/gcc/arm-none-eabi/7.3.1/../../../../arm-none-eabi/lib/thumb/v7-m\libc_nano.a
LOAD c:/st/stm32cubeide_1.4.0/stm32cubeide/plugins/com.st.stm32cube.ide.mcu.externaltools.gnu-tools-for-stm32.7-2018-q2-update.win32_1.4.0.202007081208/tools/bin/../lib/gcc/arm-none-eabi/7.3.1/../../../../arm-none-eabi/lib/thumb/v7-m\libnosys.a
END GROUP
START GROUP
LOAD c:/st/stm32cubeide_1.4.0/stm32cubeide/plugins/com.st.stm32cube.ide.mcu.externaltools.gnu-tools-for-stm32.7-2018-q2-update.win32_1.4.0.202007081208/tools/bin/../lib/gcc/arm-none-eabi/7.3.1/thumb/v7-m\libgcc.a
LOAD c:/st/stm32cubeide_1.4.0/stm32cubeide/plugins/com.st.stm32cube.ide.mcu.externaltools.gnu-tools-for-stm32.7-2018-q2-update.win32_1.4.0.202007081208/tools/bin/../lib/gcc/arm-none-eabi/7.3.1/../../../../arm-none-eabi/lib/thumb/v7-m\libc_nano.a
LOAD c:/st/stm32cubeide_1.4.0/stm32cubeide/plugins/com.st.stm32cube.ide.mcu.externaltools.gnu-tools-for-stm32.7-2018-q2-update.win32_1.4.0.202007081208/tools/bin/../lib/gcc/arm-none-eabi/7.3.1/../../../../arm-none-eabi/lib/thumb/v7-m\libnosys.a
END GROUP
LOAD c:/st/stm32cubeide_1.4.0/stm32cubeide/plugins/com.st.stm32cube.ide.mcu.externaltools.gnu-tools-for-stm32.7-2018-q2-update.win32_1.4.0.202007081208/tools/bin/../lib/gcc/arm-none-eabi/7.3.1/thumb/v7-m/crtend.o
LOAD c:/st/stm32cubeide_1.4.0/stm32cubeide/plugins/com.st.stm32cube.ide.mcu.externaltools.gnu-tools-for-stm32.7-2018-q2-update.win32_1.4.0.202007081208/tools/bin/../lib/gcc/arm-none-eabi/7.3.1/thumb/v7-m/crtn.o
                0x0000000020002800                _estack = (ORIGIN (RAM) + LENGTH (RAM))
                0x0000000000000200                _Min_Heap_Size = 0x200
                0x0000000000000400                _Min_Stack_Size = 0x400

.isr_vector     0x0000000008000000      0x130
                0x0000000008000000                . = ALIGN (0x4)
 *(.isr_vector)
 .isr_vector    0x0000000008000000      0x130 Startup/startup_stm32f103c6tx.o
                0x0000000008000000                g_pfnVectors
                0x0000000008000130                . = ALIGN (0x4)

.text           0x0000000008000130      0xcc4
                0x0000000008000130                . = ALIGN (0x4)
 *(.text)
 .text          0x0000000008000130       0x40 c:/st/stm32cubeide_1.4.0/stm32cubeide/plugins/com.st.stm32cube.ide.mcu.externaltools.gnu-tools-for-stm32.7-2018-q2-update.win32_1.4.0.202007081208/tools/bin/../lib/gcc/arm-none-eabi/7.3.1/thumb/v7-m/crtbegin.o
 *(.text*)
 .text.clock_init
                0x0000000008000170       0x34 Src/main.o
                0x0000000008000170                clock_init
 .text.wait_ms  0x00000000080001a4       0x38 Src/main.o
                0x00000000080001a4                wait_ms
 .text.EXTI9_CALLBACK
                0x00000000080001dc       0x24 Src/main.o
                0x00000000080001dc                EXTI9_CALLBACK
 .text.main     0x0000000008000200       0x58 Src/main.o
                0x0000000008000200                main
 .text.Reset_Handler
                0x0000000008000258       0x50 Startup/startup_stm32f103c6tx.o
                0x0000000008000258                Reset_Handler
 .text.Default_Handler
                0x00000000080002a8        0x2 Startup/startup_stm32f103c6tx.o
                0x00000000080002a8                TIM8_TRG_COM_IRQHandler
                0x00000000080002a8                TIM8_CC_IRQHandler
                0x00000000080002a8                DebugMon_Handler
                0x00000000080002a8                TIM1_CC_IRQHandler
                0x00000000080002a8                HardFault_Handler
                0x00000000080002a8                TIM6_IRQHandler
                0x00000000080002a8                SysTick_Handler
                0x00000000080002a8                PVD_IRQHandler
                0x00000000080002a8                SDIO_IRQHandler
                0x00000000080002a8                PendSV_Handler
                0x00000000080002a8                NMI_Handler
                0x00000000080002a8                USB_HP_CAN_TX_IRQHandler
                0x00000000080002a8                I2C2_EV_IRQHandler
                0x00000000080002a8                UsageFault_Handler
                0x00000000080002a8                ADC1_2_IRQHandler
                0x00000000080002a8                SPI1_IRQHandler
                0x00000000080002a8                CAN_SCE_IRQHandler
                0x00000000080002a8                TAMPER_IRQHandler
                0x00000000080002a8                TIM8_UP_IRQHandler
                0x00000000080002a8                DMA2_Channel2_IRQHandler
                0x00000000080002a8                DMA1_Channel4_IRQHandler
                0x00000000080002a8                USART3_IRQHandler
                0x00000000080002a8                RTC_IRQHandler
                0x00000000080002a8                DMA1_Channel7_IRQHandler
                0x00000000080002a8                UART5_IRQHandler
                0x00000000080002a8                ADC3_IRQHandler
                0x00000000080002a8                TIM4_IRQHandler
                0x00000000080002a8                CAN_RX1_IRQHandler
                0x00000000080002a8                DMA2_Channel1_IRQHandler
                0x00000000080002a8                I2C1_EV_IRQHandler
                0x00000000080002a8                DMA1_Channel6_IRQHandler
                0x00000000080002a8                UART4_IRQHandler
                0x00000000080002a8                TIM3_IRQHandler
                0x00000000080002a8                RCC_IRQHandler
                0x00000000080002a8                TIM1_TRG_COM_IRQHandler
                0x00000000080002a8                DMA1_Channel1_IRQHandler
                0x00000000080002a8                Default_Handler
                0x00000000080002a8                TIM7_IRQHandler
                0x00000000080002a8                TIM5_IRQHandler
                0x00000000080002a8                SPI2_IRQHandler
                0x00000000080002a8                USB_LP_CAN_RX0_IRQHandler
                0x00000000080002a8                MemManage_Handler
                0x00000000080002a8                SVC_Handler
                0x00000000080002a8                DMA1_Channel5_IRQHandler
                0x00000000080002a8                DMA1_Channel3_IRQHandler
                0x00000000080002a8                FSMC_IRQHandler
                0x00000000080002a8                TIM1_UP_IRQHandler
                0x00000000080002a8                WWDG_IRQHandler
                0x00000000080002a8                TIM2_IRQHandler
                0x00000000080002a8                TIM1_BRK_IRQHandler
                0x00000000080002a8                RTCAlarm_IRQHandler
                0x00000000080002a8                DMA2_Channel4_5_IRQHandler
                0x00000000080002a8                USART2_IRQHandler
                0x00000000080002a8                I2C2_ER_IRQHandler
                0x00000000080002a8                DMA1_Channel2_IRQHandler
                0x00000000080002a8                TIM8_BRK_IRQHandler
                0x00000000080002a8                FLASH_IRQHandler
                0x00000000080002a8                BusFault_Handler
                0x00000000080002a8                USART1_IRQHandler
                0x00000000080002a8                SPI3_IRQHandler
                0x00000000080002a8                I2C1_ER_IRQHandler
                0x00000000080002a8                DMA2_Channel3_IRQHandler
 .text.delay_ms
                0x00000000080002aa       0x38 Stm32_F103C6_Drivers/LCD_Driver/lcd.o
                0x00000000080002aa                delay_ms
 *fill*         0x00000000080002e2        0x2 
 .text.LCD_GPIO_init
                0x00000000080002e4      0x158 Stm32_F103C6_Drivers/LCD_Driver/lcd.o
                0x00000000080002e4                LCD_GPIO_init
 .text.LCD_clear_screen
                0x000000000800043c        0xe Stm32_F103C6_Drivers/LCD_Driver/lcd.o
                0x000000000800043c                LCD_clear_screen
 *fill*         0x000000000800044a        0x2 
 .text.LCD_lcd_kick
                0x000000000800044c       0x2c Stm32_F103C6_Drivers/LCD_Driver/lcd.o
                0x000000000800044c                LCD_lcd_kick
 .text.LCD_GOTO_XY
                0x0000000008000478       0x48 Stm32_F103C6_Drivers/LCD_Driver/lcd.o
                0x0000000008000478                LCD_GOTO_XY
 .text.LCD_INIT
                0x00000000080004c0       0x34 Stm32_F103C6_Drivers/LCD_Driver/lcd.o
                0x00000000080004c0                LCD_INIT
 .text.LCD_WRITE_COMMAND
                0x00000000080004f4       0x44 Stm32_F103C6_Drivers/LCD_Driver/lcd.o
                0x00000000080004f4                LCD_WRITE_COMMAND
 .text.LCD_WRITE_CHAR
                0x0000000008000538       0x44 Stm32_F103C6_Drivers/LCD_Driver/lcd.o
                0x0000000008000538                LCD_WRITE_CHAR
 .text.LCD_WRITE_STRING
                0x000000000800057c       0x58 Stm32_F103C6_Drivers/LCD_Driver/lcd.o
                0x000000000800057c                LCD_WRITE_STRING
 .text.Enable_NVIC
                0x00000000080005d4       0xcc Stm32_F103C6_Drivers/Stm32_F103C6_EXTI_Driver.o
                0x00000000080005d4                Enable_NVIC
 .text.Disable_NVIC
                0x00000000080006a0       0xcc Stm32_F103C6_Drivers/Stm32_F103C6_EXTI_Driver.o
                0x00000000080006a0                Disable_NVIC
 .text.update_EXTI
                0x000000000800076c      0x1d8 Stm32_F103C6_Drivers/Stm32_F103C6_EXTI_Driver.o
                0x000000000800076c                update_EXTI
 .text.MCAL_EXTI_GPIO_Init
                0x0000000008000944       0x16 Stm32_F103C6_Drivers/Stm32_F103C6_EXTI_Driver.o
                0x0000000008000944                MCAL_EXTI_GPIO_Init
 *fill*         0x000000000800095a        0x2 
 .text.EXTI0_IRQHandler
                0x000000000800095c       0x24 Stm32_F103C6_Drivers/Stm32_F103C6_EXTI_Driver.o
                0x000000000800095c                EXTI0_IRQHandler
 .text.EXTI1_IRQHandler
                0x0000000008000980       0x24 Stm32_F103C6_Drivers/Stm32_F103C6_EXTI_Driver.o
                0x0000000008000980                EXTI1_IRQHandler
 .text.EXTI2_IRQHandler
                0x00000000080009a4       0x24 Stm32_F103C6_Drivers/Stm32_F103C6_EXTI_Driver.o
                0x00000000080009a4                EXTI2_IRQHandler
 .text.EXTI3_IRQHandler
                0x00000000080009c8       0x24 Stm32_F103C6_Drivers/Stm32_F103C6_EXTI_Driver.o
                0x00000000080009c8                EXTI3_IRQHandler
 .text.EXTI4_IRQHandler
                0x00000000080009ec       0x24 Stm32_F103C6_Drivers/Stm32_F103C6_EXTI_Driver.o
                0x00000000080009ec                EXTI4_IRQHandler
 .text.EXTI9_5_IRQHandler
                0x0000000008000a10       0xa8 Stm32_F103C6_Drivers/Stm32_F103C6_EXTI_Driver.o
                0x0000000008000a10                EXTI9_5_IRQHandler
 .text.EXTI15_10_IRQHandler
                0x0000000008000ab8       0xc4 Stm32_F103C6_Drivers/Stm32_F103C6_EXTI_Driver.o
                0x0000000008000ab8                EXTI15_10_IRQHandler
 .text.GET_CRLH_Position
                0x0000000008000b7c       0xc6 Stm32_F103C6_Drivers/Stm32_F103C6_GPIO_Driver.o
                0x0000000008000b7c                GET_CRLH_Position
 .text.MCAL_GPIO_Init
                0x0000000008000c42      0x108 Stm32_F103C6_Drivers/Stm32_F103C6_GPIO_Driver.o
                0x0000000008000c42                MCAL_GPIO_Init
 .text.MCAL_GPIO_WritePin
                0x0000000008000d4a       0x2e Stm32_F103C6_Drivers/Stm32_F103C6_GPIO_Driver.o
                0x0000000008000d4a                MCAL_GPIO_WritePin
 .text.MCAL_GPIO_WritePort
                0x0000000008000d78       0x1c Stm32_F103C6_Drivers/Stm32_F103C6_GPIO_Driver.o
                0x0000000008000d78                MCAL_GPIO_WritePort
 .text.__libc_init_array
                0x0000000008000d94       0x48 c:/st/stm32cubeide_1.4.0/stm32cubeide/plugins/com.st.stm32cube.ide.mcu.externaltools.gnu-tools-for-stm32.7-2018-q2-update.win32_1.4.0.202007081208/tools/bin/../lib/gcc/arm-none-eabi/7.3.1/../../../../arm-none-eabi/lib/thumb/v7-m\libc_nano.a(lib_a-init.o)
                0x0000000008000d94                __libc_init_array
 *(.glue_7)
 .glue_7        0x0000000008000ddc        0x0 linker stubs
 *(.glue_7t)
 .glue_7t       0x0000000008000ddc        0x0 linker stubs
 *(.eh_frame)
 .eh_frame      0x0000000008000ddc        0x0 c:/st/stm32cubeide_1.4.0/stm32cubeide/plugins/com.st.stm32cube.ide.mcu.externaltools.gnu-tools-for-stm32.7-2018-q2-update.win32_1.4.0.202007081208/tools/bin/../lib/gcc/arm-none-eabi/7.3.1/thumb/v7-m/crtbegin.o
 *(.init)
 .init          0x0000000008000ddc        0x4 c:/st/stm32cubeide_1.4.0/stm32cubeide/plugins/com.st.stm32cube.ide.mcu.externaltools.gnu-tools-for-stm32.7-2018-q2-update.win32_1.4.0.202007081208/tools/bin/../lib/gcc/arm-none-eabi/7.3.1/thumb/v7-m/crti.o
                0x0000000008000ddc                _init
 .init          0x0000000008000de0        0x8 c:/st/stm32cubeide_1.4.0/stm32cubeide/plugins/com.st.stm32cube.ide.mcu.externaltools.gnu-tools-for-stm32.7-2018-q2-update.win32_1.4.0.202007081208/tools/bin/../lib/gcc/arm-none-eabi/7.3.1/thumb/v7-m/crtn.o
 *(.fini)
 .fini          0x0000000008000de8        0x4 c:/st/stm32cubeide_1.4.0/stm32cubeide/plugins/com.st.stm32cube.ide.mcu.externaltools.gnu-tools-for-stm32.7-2018-q2-update.win32_1.4.0.202007081208/tools/bin/../lib/gcc/arm-none-eabi/7.3.1/thumb/v7-m/crti.o
                0x0000000008000de8                _fini
 .fini          0x0000000008000dec        0x8 c:/st/stm32cubeide_1.4.0/stm32cubeide/plugins/com.st.stm32cube.ide.mcu.externaltools.gnu-tools-for-stm32.7-2018-q2-update.win32_1.4.0.202007081208/tools/bin/../lib/gcc/arm-none-eabi/7.3.1/thumb/v7-m/crtn.o
                0x0000000008000df4                . = ALIGN (0x4)
                0x0000000008000df4                _etext = .

.vfp11_veneer   0x0000000008000df4        0x0
 .vfp11_veneer  0x0000000008000df4        0x0 linker stubs

.v4_bx          0x0000000008000df4        0x0
 .v4_bx         0x0000000008000df4        0x0 linker stubs

.iplt           0x0000000008000df4        0x0
 .iplt          0x0000000008000df4        0x0 c:/st/stm32cubeide_1.4.0/stm32cubeide/plugins/com.st.stm32cube.ide.mcu.externaltools.gnu-tools-for-stm32.7-2018-q2-update.win32_1.4.0.202007081208/tools/bin/../lib/gcc/arm-none-eabi/7.3.1/thumb/v7-m/crtbegin.o

.rodata         0x0000000008000df4       0x28
                0x0000000008000df4                . = ALIGN (0x4)
 *(.rodata)
 .rodata        0x0000000008000df4       0x28 Src/main.o
 *(.rodata*)
                0x0000000008000e1c                . = ALIGN (0x4)

.rel.dyn        0x0000000008000e1c        0x0
 .rel.iplt      0x0000000008000e1c        0x0 c:/st/stm32cubeide_1.4.0/stm32cubeide/plugins/com.st.stm32cube.ide.mcu.externaltools.gnu-tools-for-stm32.7-2018-q2-update.win32_1.4.0.202007081208/tools/bin/../lib/gcc/arm-none-eabi/7.3.1/thumb/v7-m/crtbegin.o

.ARM.extab      0x0000000008000e1c        0x0
                0x0000000008000e1c                . = ALIGN (0x4)
 *(.ARM.extab* .gnu.linkonce.armextab.*)
                0x0000000008000e1c                . = ALIGN (0x4)

.ARM            0x0000000008000e1c        0x0
                0x0000000008000e1c                . = ALIGN (0x4)
                0x0000000008000e1c                __exidx_start = .
 *(.ARM.exidx*)
                0x0000000008000e1c                __exidx_end = .
                0x0000000008000e1c                . = ALIGN (0x4)

.preinit_array  0x0000000008000e1c        0x0
                0x0000000008000e1c                . = ALIGN (0x4)
                0x0000000008000e1c                PROVIDE (__preinit_array_start = .)
 *(.preinit_array*)
                0x0000000008000e1c                PROVIDE (__preinit_array_end = .)
                0x0000000008000e1c                . = ALIGN (0x4)

.init_array     0x0000000008000e1c        0x4
                0x0000000008000e1c                . = ALIGN (0x4)
                0x0000000008000e1c                PROVIDE (__init_array_start = .)
 *(SORT_BY_NAME(.init_array.*))
 *(.init_array*)
 .init_array    0x0000000008000e1c        0x4 c:/st/stm32cubeide_1.4.0/stm32cubeide/plugins/com.st.stm32cube.ide.mcu.externaltools.gnu-tools-for-stm32.7-2018-q2-update.win32_1.4.0.202007081208/tools/bin/../lib/gcc/arm-none-eabi/7.3.1/thumb/v7-m/crtbegin.o
                0x0000000008000e20                PROVIDE (__init_array_end = .)
                0x0000000008000e20                . = ALIGN (0x4)

.fini_array     0x0000000008000e20        0x4
                0x0000000008000e20                . = ALIGN (0x4)
                [!provide]                        PROVIDE (__fini_array_start = .)
 *(SORT_BY_NAME(.fini_array.*))
 *(.fini_array*)
 .fini_array    0x0000000008000e20        0x4 c:/st/stm32cubeide_1.4.0/stm32cubeide/plugins/com.st.stm32cube.ide.mcu.externaltools.gnu-tools-for-stm32.7-2018-q2-update.win32_1.4.0.202007081208/tools/bin/../lib/gcc/arm-none-eabi/7.3.1/thumb/v7-m/crtbegin.o
                [!provide]                        PROVIDE (__fini_array_end = .)
                0x0000000008000e24                . = ALIGN (0x4)
                0x0000000008000e24                _sidata = LOADADDR (.data)

.data           0x0000000020000000        0x0 load address 0x0000000008000e24
                0x0000000020000000                . = ALIGN (0x4)
                0x0000000020000000                _sdata = .
 *(.data)
 *(.data*)
                0x0000000020000000                . = ALIGN (0x4)
                0x0000000020000000                _edata = .

.igot.plt       0x0000000020000000        0x0 load address 0x0000000008000e24
 .igot.plt      0x0000000020000000        0x0 c:/st/stm32cubeide_1.4.0/stm32cubeide/plugins/com.st.stm32cube.ide.mcu.externaltools.gnu-tools-for-stm32.7-2018-q2-update.win32_1.4.0.202007081208/tools/bin/../lib/gcc/arm-none-eabi/7.3.1/thumb/v7-m/crtbegin.o
                0x0000000020000000                . = ALIGN (0x4)

.bss            0x0000000020000000       0x60 load address 0x0000000008000e24
                0x0000000020000000                _sbss = .
                0x0000000020000000                __bss_start__ = _sbss
 *(.bss)
 .bss           0x0000000020000000       0x1c c:/st/stm32cubeide_1.4.0/stm32cubeide/plugins/com.st.stm32cube.ide.mcu.externaltools.gnu-tools-for-stm32.7-2018-q2-update.win32_1.4.0.202007081208/tools/bin/../lib/gcc/arm-none-eabi/7.3.1/thumb/v7-m/crtbegin.o
 *(.bss*)
 .bss.IRQ_FLAG  0x000000002000001c        0x4 Src/main.o
                0x000000002000001c                IRQ_FLAG
 *(COMMON)
 COMMON         0x0000000020000020        0x4 Src/main.o
                0x0000000020000020                PinCfg
 COMMON         0x0000000020000024       0x3c Stm32_F103C6_Drivers/Stm32_F103C6_EXTI_Driver.o
                0x0000000020000024                GP_IRQ_Callback
                0x0000000020000060                . = ALIGN (0x4)
                0x0000000020000060                _ebss = .
                0x0000000020000060                __bss_end__ = _ebss

._user_heap_stack
                0x0000000020000060      0x600 load address 0x0000000008000e24
                0x0000000020000060                . = ALIGN (0x8)
                [!provide]                        PROVIDE (end = .)
                0x0000000020000060                PROVIDE (_end = .)
                0x0000000020000260                . = (. + _Min_Heap_Size)
 *fill*         0x0000000020000060      0x200 
                0x0000000020000660                . = (. + _Min_Stack_Size)
 *fill*         0x0000000020000260      0x400 
                0x0000000020000660                . = ALIGN (0x8)

/DISCARD/
 libc.a(*)
 libm.a(*)
 libgcc.a(*)

.ARM.attributes
                0x0000000000000000       0x29
 *(.ARM.attributes)
 .ARM.attributes
                0x0000000000000000       0x1d c:/st/stm32cubeide_1.4.0/stm32cubeide/plugins/com.st.stm32cube.ide.mcu.externaltools.gnu-tools-for-stm32.7-2018-q2-update.win32_1.4.0.202007081208/tools/bin/../lib/gcc/arm-none-eabi/7.3.1/thumb/v7-m/crti.o
 .ARM.attributes
                0x000000000000001d       0x2d c:/st/stm32cubeide_1.4.0/stm32cubeide/plugins/com.st.stm32cube.ide.mcu.externaltools.gnu-tools-for-stm32.7-2018-q2-update.win32_1.4.0.202007081208/tools/bin/../lib/gcc/arm-none-eabi/7.3.1/thumb/v7-m/crtbegin.o
 .ARM.attributes
                0x000000000000004a       0x33 Src/main.o
 .ARM.attributes
                0x000000000000007d       0x21 Startup/startup_stm32f103c6tx.o
 .ARM.attributes
                0x000000000000009e       0x33 Stm32_F103C6_Drivers/LCD_Driver/lcd.o
 .ARM.attributes
                0x00000000000000d1       0x33 Stm32_F103C6_Drivers/Stm32_F103C6_EXTI_Driver.o
 .ARM.attributes
                0x0000000000000104       0x33 Stm32_F103C6_Drivers/Stm32_F103C6_GPIO_Driver.o
 .ARM.attributes
                0x0000000000000137       0x2d c:/st/stm32cubeide_1.4.0/stm32cubeide/plugins/com.st.stm32cube.ide.mcu.externaltools.gnu-tools-for-stm32.7-2018-q2-update.win32_1.4.0.202007081208/tools/bin/../lib/gcc/arm-none-eabi/7.3.1/../../../../arm-none-eabi/lib/thumb/v7-m\libc_nano.a(lib_a-init.o)
 .ARM.attributes
                0x0000000000000164       0x1d c:/st/stm32cubeide_1.4.0/stm32cubeide/plugins/com.st.stm32cube.ide.mcu.externaltools.gnu-tools-for-stm32.7-2018-q2-update.win32_1.4.0.202007081208/tools/bin/../lib/gcc/arm-none-eabi/7.3.1/thumb/v7-m/crtn.o
OUTPUT(Drivers.elf elf32-littlearm)

.debug_info     0x0000000000000000     0x339d
 .debug_info    0x0000000000000000      0xc73 Src/main.o
 .debug_info    0x0000000000000c73       0x22 Startup/startup_stm32f103c6tx.o
 .debug_info    0x0000000000000c95      0xbf3 Stm32_F103C6_Drivers/LCD_Driver/lcd.o
 .debug_info    0x0000000000001888      0xdbc Stm32_F103C6_Drivers/Stm32_F103C6_EXTI_Driver.o
 .debug_info    0x0000000000002644      0xd59 Stm32_F103C6_Drivers/Stm32_F103C6_GPIO_Driver.o

.debug_abbrev   0x0000000000000000      0x858
 .debug_abbrev  0x0000000000000000      0x1f8 Src/main.o
 .debug_abbrev  0x00000000000001f8       0x12 Startup/startup_stm32f103c6tx.o
 .debug_abbrev  0x000000000000020a      0x1f4 Stm32_F103C6_Drivers/LCD_Driver/lcd.o
 .debug_abbrev  0x00000000000003fe      0x228 Stm32_F103C6_Drivers/Stm32_F103C6_EXTI_Driver.o
 .debug_abbrev  0x0000000000000626      0x232 Stm32_F103C6_Drivers/Stm32_F103C6_GPIO_Driver.o

.debug_loc      0x0000000000000000      0x9cc
 .debug_loc     0x0000000000000000      0x104 Src/main.o
 .debug_loc     0x0000000000000104      0x278 Stm32_F103C6_Drivers/LCD_Driver/lcd.o
 .debug_loc     0x000000000000037c      0x320 Stm32_F103C6_Drivers/Stm32_F103C6_EXTI_Driver.o
 .debug_loc     0x000000000000069c      0x330 Stm32_F103C6_Drivers/Stm32_F103C6_GPIO_Driver.o

.debug_aranges  0x0000000000000000      0x1a8
 .debug_aranges
                0x0000000000000000       0x38 Src/main.o
 .debug_aranges
                0x0000000000000038       0x28 Startup/startup_stm32f103c6tx.o
 .debug_aranges
                0x0000000000000060       0x68 Stm32_F103C6_Drivers/LCD_Driver/lcd.o
 .debug_aranges
                0x00000000000000c8       0x80 Stm32_F103C6_Drivers/Stm32_F103C6_EXTI_Driver.o
 .debug_aranges
                0x0000000000000148       0x60 Stm32_F103C6_Drivers/Stm32_F103C6_GPIO_Driver.o

.debug_ranges   0x0000000000000000      0x160
 .debug_ranges  0x0000000000000000       0x28 Src/main.o
 .debug_ranges  0x0000000000000028       0x20 Startup/startup_stm32f103c6tx.o
 .debug_ranges  0x0000000000000048       0x58 Stm32_F103C6_Drivers/LCD_Driver/lcd.o
 .debug_ranges  0x00000000000000a0       0x70 Stm32_F103C6_Drivers/Stm32_F103C6_EXTI_Driver.o
 .debug_ranges  0x0000000000000110       0x50 Stm32_F103C6_Drivers/Stm32_F103C6_GPIO_Driver.o

.debug_macro    0x0000000000000000     0x22b1
 .debug_macro   0x0000000000000000      0x171 Src/main.o
 .debug_macro   0x0000000000000171      0xa60 Src/main.o
 .debug_macro   0x0000000000000bd1       0x18 Src/main.o
 .debug_macro   0x0000000000000be9       0x22 Src/main.o
 .debug_macro   0x0000000000000c0b       0x40 Src/main.o
 .debug_macro   0x0000000000000c4b       0x94 Src/main.o
 .debug_macro   0x0000000000000cdf       0x3c Src/main.o
 .debug_macro   0x0000000000000d1b       0x34 Src/main.o
 .debug_macro   0x0000000000000d4f       0x16 Src/main.o
 .debug_macro   0x0000000000000d65      0x10e Src/main.o
 .debug_macro   0x0000000000000e73       0x8d Src/main.o
 .debug_macro   0x0000000000000f00       0x57 Src/main.o
 .debug_macro   0x0000000000000f57       0x52 Src/main.o
 .debug_macro   0x0000000000000fa9       0x1f Src/main.o
 .debug_macro   0x0000000000000fc8       0x43 Src/main.o
 .debug_macro   0x000000000000100b       0x20 Src/main.o
 .debug_macro   0x000000000000102b      0x1a3 Src/main.o
 .debug_macro   0x00000000000011ce      0x330 Src/main.o
 .debug_macro   0x00000000000014fe       0x16 Src/main.o
 .debug_macro   0x0000000000001514       0x29 Src/main.o
 .debug_macro   0x000000000000153d       0xef Src/main.o
 .debug_macro   0x000000000000162c       0x6a Src/main.o
 .debug_macro   0x0000000000001696      0x1df Src/main.o
 .debug_macro   0x0000000000001875      0x1b0 Src/main.o
 .debug_macro   0x0000000000001a25       0xd0 Src/main.o
 .debug_macro   0x0000000000001af5       0x10 Src/main.o
 .debug_macro   0x0000000000001b05       0x94 Src/main.o
 .debug_macro   0x0000000000001b99       0x40 Src/main.o
 .debug_macro   0x0000000000001bd9      0x220 Src/main.o
 .debug_macro   0x0000000000001df9      0x151 Stm32_F103C6_Drivers/LCD_Driver/lcd.o
 .debug_macro   0x0000000000001f4a      0x152 Stm32_F103C6_Drivers/Stm32_F103C6_EXTI_Driver.o
 .debug_macro   0x000000000000209c       0xd6 Stm32_F103C6_Drivers/Stm32_F103C6_EXTI_Driver.o
 .debug_macro   0x0000000000002172      0x13f Stm32_F103C6_Drivers/Stm32_F103C6_GPIO_Driver.o

.debug_line     0x0000000000000000     0x1b3e
 .debug_line    0x0000000000000000      0x67c Src/main.o
 .debug_line    0x000000000000067c       0x84 Startup/startup_stm32f103c6tx.o
 .debug_line    0x0000000000000700      0x68a Stm32_F103C6_Drivers/LCD_Driver/lcd.o
 .debug_line    0x0000000000000d8a      0x737 Stm32_F103C6_Drivers/Stm32_F103C6_EXTI_Driver.o
 .debug_line    0x00000000000014c1      0x67d Stm32_F103C6_Drivers/Stm32_F103C6_GPIO_Driver.o

.debug_str      0x0000000000000000     0x9311
 .debug_str     0x0000000000000000     0x8eef Src/main.o
                                       0x915f (size before relaxing)
 .debug_str     0x0000000000008eef       0x31 Startup/startup_stm32f103c6tx.o
                                         0x5e (size before relaxing)
 .debug_str     0x0000000000008f20       0xe1 Stm32_F103C6_Drivers/LCD_Driver/lcd.o
                                       0x7f18 (size before relaxing)
 .debug_str     0x0000000000009001      0x1fa Stm32_F103C6_Drivers/Stm32_F103C6_EXTI_Driver.o
                                       0x8fd9 (size before relaxing)
 .debug_str     0x00000000000091fb      0x116 Stm32_F103C6_Drivers/Stm32_F103C6_GPIO_Driver.o
                                       0x7d22 (size before relaxing)

.comment        0x0000000000000000       0x7b
 .comment       0x0000000000000000       0x7b Src/main.o
                                         0x7c (size before relaxing)
 .comment       0x000000000000007b       0x7c Stm32_F103C6_Drivers/LCD_Driver/lcd.o
 .comment       0x000000000000007b       0x7c Stm32_F103C6_Drivers/Stm32_F103C6_EXTI_Driver.o
 .comment       0x000000000000007b       0x7c Stm32_F103C6_Drivers/Stm32_F103C6_GPIO_Driver.o

.debug_frame    0x0000000000000000      0x53c
 .debug_frame   0x0000000000000000       0x94 Src/main.o
 .debug_frame   0x0000000000000094      0x154 Stm32_F103C6_Drivers/LCD_Driver/lcd.o
 .debug_frame   0x00000000000001e8      0x1b0 Stm32_F103C6_Drivers/Stm32_F103C6_EXTI_Driver.o
 .debug_frame   0x0000000000000398      0x178 Stm32_F103C6_Drivers/Stm32_F103C6_GPIO_Driver.o
 .debug_frame   0x0000000000000510       0x2c c:/st/stm32cubeide_1.4.0/stm32cubeide/plugins/com.st.stm32cube.ide.mcu.externaltools.gnu-tools-for-stm32.7-2018-q2-update.win32_1.4.0.202007081208/tools/bin/../lib/gcc/arm-none-eabi/7.3.1/../../../../arm-none-eabi/lib/thumb/v7-m\libc_nano.a(lib_a-init.o)
