Stm32_F103C6_EXTI_Driver.c:30:6:Enable_NVIC	16	static
Stm32_F103C6_EXTI_Driver.c:69:6:Disable_NVIC	16	static
Stm32_F103C6_EXTI_Driver.c:107:6:update_EXTI	24	static
Stm32_F103C6_EXTI_Driver.c:176:6:MCAL_EXTI_GPIO_DeInit	4	static
Stm32_F103C6_EXTI_Driver.c:210:6:MCAL_EXTI_GPIO_Init	16	static
Stm32_F103C6_EXTI_Driver.c:224:6:MCAL_EXTI_GPIO_update	16	static
Stm32_F103C6_EXTI_Driver.c:235:6:EXTI0_IRQHandler	8	static
Stm32_F103C6_EXTI_Driver.c:243:6:EXTI1_IRQHandler	8	static
Stm32_F103C6_EXTI_Driver.c:251:6:EXTI2_IRQHandler	8	static
Stm32_F103C6_EXTI_Driver.c:259:6:EXTI3_IRQHandler	8	static
Stm32_F103C6_EXTI_Driver.c:267:6:EXTI4_IRQHandler	8	static
Stm32_F103C6_EXTI_Driver.c:275:6:EXTI9_5_IRQHandler	8	static
Stm32_F103C6_EXTI_Driver.c:284:6:EXTI15_10_IRQHandler	8	static
